seq 10
1
2
3
4
5
6
7
8
9
10

spell OS-lab-2.txt
nodejs
uname
seq
diff
du
dv
cmp
fsck
sudo
passwd
whereis
unexpand
ps
rajan
sdiff
gzip
lsusb
tv
dmesg

!!
spell OS-lab-2.txt

uname -m
x86_64

diff OS-lab2-43.txt OS-lab-2.txt
1,13d0
< seq 10
< 1
< 2
< 3
< 4
< 5
< 6
< 7
< 8
< 9
< 10
< 
< spell OS-lab-2.txt
15c2,3
< uname
---
> uname -m
> spell
19a8
> tty
20a10
> who
22,23c12
< sudo
< passwd
---
> sudo passwd root
24a14,15
> enable
> rev
26,27c17,19
< ps
< rajan
---
> last
> sort
> ps -u rajan
28a21,23
> free
> who -d
> screen -c
30,31c25,26
< lsusb
< tv
---
> lsusb -tv
> head
32a28
> free -m
34,40d29
< !!
< spell OS-lab-2.txt
< 
< uname -m
< x86_64
< 
< diff OS-lab2-43.txt OS-lab-2.txt
touch OS-lab2-43
du
4	./.idlerc
4	./Pictures
436	./sem3/Program
12	./sem3/121043_lab04
656	./sem3
156	./BestCodes
4	./guest
96	./practice wrk
12	./.gnome2/keyrings
16	./.gnome2
472	./.fontconfig
16	./Documents
8	./.local/share/evolution/calendar/system
4	./.local/share/evolution/calendar/trash
16	./.local/share/evolution/calendar
4	./.local/share/evolution/memos/trash
8	./.local/share/evolution/memos
8	./.local/share/evolution/tasks/system
4	./.local/share/evolution/tasks/trash
16	./.local/share/evolution/tasks
4	./.local/share/evolution/mail/trash
8	./.local/share/evolution/mail
28	./.local/share/evolution/addressbook/system
4	./.local/share/evolution/addressbook/trash
36	./.local/share/evolution/addressbook
88	./.local/share/evolution
12	./.local/share/telepathy/mission-control
16	./.local/share/telepathy
4	./.local/share/ubuntuone/shares
8	./.local/share/ubuntuone/syncdaemon/tritcask
4	./.local/share/ubuntuone/syncdaemon/fsm
4	./.local/share/ubuntuone/syncdaemon/vm/shared
4	./.local/share/ubuntuone/syncdaemon/vm/shares
4	./.local/share/ubuntuone/syncdaemon/vm/udfs
20	./.local/share/ubuntuone/syncdaemon/vm
40	./.local/share/ubuntuone/syncdaemon
48	./.local/share/ubuntuone
8	./.local/share/applications
20	./.local/share/unity-webapps
68	./.local/share/Trash/files/thread (copy)
4	./.local/share/Trash/files/xxx
148	./.local/share/Trash/files
4	./.local/share/Trash/expunged
60	./.local/share/Trash/info
216	./.local/share/Trash
4	./.local/share/totem
8	./.local/share/vlc
4	./.local/share/folks
4	./.local/share/unity-settings-daemon
16	./.local/share/rhythmbox
12	./.local/share/icc
1964	./.local/share/gvfs-metadata
4	./.local/share/sounds
24	./.local/share/webkit/icondatabase
28	./.local/share/webkit
9968	./.local/share/zeitgeist/fts.index
19656	./.local/share/zeitgeist
4	./.local/share/previews
4	./.local/share/nautilus/scripts
8	./.local/share/nautilus
22124	./.local/share
22128	./.local
4	./Music
660	./attachments
1032	./nishanshi
4	./Ubuntu One
476	./Cpr-1
392	./.gstreamer-0.10
96	./Downloads/eclipse/about_files
12	./Downloads/eclipse/features/org.eclipse.linuxtools.lttng2.kernel_1.1.1.201209191645/META-INF/maven/org.eclipse.linuxtools.lttng2/org.eclipse.linuxtools.lttng2.kernel
16	./Downloads/eclipse/features/org.eclipse.linuxtools.lttng2.kernel_1.1.1.201209191645/META-INF/maven/org.eclipse.linuxtools.lttng2
20	./Downloads/eclipse/features/org.eclipse.linuxtools.lttng2.kernel_1.1.1.201209191645/META-INF/maven
44	./Downloads/eclipse/features/org.eclipse.linuxtools.lttng2.kernel_1.1.1.201209191645/META-INF
96	./Downloads/eclipse/features/org.eclipse.linuxtools.lttng2.kernel_1.1.1.201209191645
12	./Downloads/eclipse/features/org.eclipse.linuxtools.systemtap_1.2.0.201209191645/META-INF/maven/org.eclipse.linuxtools.systemtap/org.eclipse.linuxtools.systemtap
16	./Downloads/eclipse/features/org.eclipse.linuxtools.systemtap_1.2.0.201209191645/META-INF/maven/org.eclipse.linuxtools.systemtap
20	./Downloads/eclipse/features/org.eclipse.linuxtools.systemtap_1.2.0.201209191645/META-INF/maven
44	./Downloads/eclipse/features/org.eclipse.linuxtools.systemtap_1.2.0.201209191645/META-INF
96	./Downloads/eclipse/features/org.eclipse.linuxtools.systemtap_1.2.0.201209191645
12	./Downloads/eclipse/features/org.eclipse.egit_2.1.0.201209190230-r/META-INF/maven/org.eclipse.egit.feature/org.eclipse.egit
16	./Downloads/eclipse/features/org.eclipse.egit_2.1.0.201209190230-r/META-INF/maven/org.eclipse.egit.feature
20	./Downloads/eclipse/features/org.eclipse.egit_2.1.0.201209190230-r/META-INF/maven
44	./Downloads/eclipse/features/org.eclipse.egit_2.1.0.201209190230-r/META-INF
92	./Downloads/eclipse/features/org.eclipse.egit_2.1.0.201209190230-r
24	./Downloads/eclipse/features/org.eclipse.equinox.p2.extras.feature_1.1.0.v20120524-0542-7A6FEcDiVOTg1Q_HuZrEuBty3dqr/META-INF
96	./Downloads/eclipse/features/org.eclipse.equinox.p2.extras.feature_1.1.0.v20120524-0542-7A6FEcDiVOTg1Q_HuZrEuBty3dqr
24	./Downloads/eclipse/features/org.eclipse.help_1.4.1.v20120726-051048-8R7xFOUFLWUl7MoSKV_RBXl27/META-INF
100	./Downloads/eclipse/features/org.eclipse.help_1.4.1.v20120726-051048-8R7xFOUFLWUl7MoSKV_RBXl27
24	./Downloads/eclipse/features/org.eclipse.mylyn.context_feature_3.8.2.v20120916-1200/META-INF
76	./Downloads/eclipse/features/org.eclipse.mylyn.context_feature_3.8.2.v20120916-1200
24	./Downloads/eclipse/features/org.eclipse.equinox.p2.rcp.feature_1.1.0.v20120524-0542-785EoBqNKNYz-GX2sUgCaBty3dqr/META-INF
96	./Downloads/eclipse/features/org.eclipse.equinox.p2.rcp.feature_1.1.0.v20120524-0542-785EoBqNKNYz-GX2sUgCaBty3dqr
24	./Downloads/eclipse/features/org.eclipse.equinox.p2.discovery.feature_1.0.100.v20120524-0542-4-Bh9oB58A5N9L28PCQ/META-INF
72	./Downloads/eclipse/features/org.eclipse.equinox.p2.discovery.feature_1.0.100.v20120524-0542-4-Bh9oB58A5N9L28PCQ
12	./Downloads/eclipse/features/org.eclipse.linuxtools.changelog.c_2.8.0.201209191645/META-INF/maven/org.eclipse.linuxtools.changelog/org.eclipse.linuxtools.changelog.c
16	./Downloads/eclipse/features/org.eclipse.linuxtools.changelog.c_2.8.0.201209191645/META-INF/maven/org.eclipse.linuxtools.changelog
20	./Downloads/eclipse/features/org.eclipse.linuxtools.changelog.c_2.8.0.201209191645/META-INF/maven
44	./Downloads/eclipse/features/org.eclipse.linuxtools.changelog.c_2.8.0.201209191645/META-INF
100	./Downloads/eclipse/features/org.eclipse.linuxtools.changelog.c_2.8.0.201209191645
12	./Downloads/eclipse/features/org.eclipse.cdt.gnu.debug_7.1.1.201209170703/META-INF/maven/org.eclipse.cdt.feature/org.eclipse.cdt.gnu.debug
16	./Downloads/eclipse/features/org.eclipse.cdt.gnu.debug_7.1.1.201209170703/META-INF/maven/org.eclipse.cdt.feature
20	./Downloads/eclipse/features/org.eclipse.cdt.gnu.debug_7.1.1.201209170703/META-INF/maven
44	./Downloads/eclipse/features/org.eclipse.cdt.gnu.debug_7.1.1.201209170703/META-INF
120	./Downloads/eclipse/features/org.eclipse.cdt.gnu.debug_7.1.1.201209170703
24	./Downloads/eclipse/features/org.eclipse.mylyn.commons_3.8.2.v20120916-1200/META-INF
76	./Downloads/eclipse/features/org.eclipse.mylyn.commons_3.8.2.v20120916-1200
24	./Downloads/eclipse/features/org.eclipse.rcp_4.2.1.v20120814-120134-7IAPA8BrHQicS-rjP0GbqK780kMy/META-INF
96	./Downloads/eclipse/features/org.eclipse.rcp_4.2.1.v20120814-120134-7IAPA8BrHQicS-rjP0GbqK780kMy
24	./Downloads/eclipse/features/org.eclipse.mylyn.commons.identity_1.0.2.v20120916-1200/META-INF
76	./Downloads/eclipse/features/org.eclipse.mylyn.commons.identity_1.0.2.v20120916-1200
12	./Downloads/eclipse/features/org.eclipse.linuxtools.profiling_1.0.0.201209191645/META-INF/maven/org.eclipse.linuxtools.profiling/org.eclipse.linuxtools.profiling
16	./Downloads/eclipse/features/org.eclipse.linuxtools.profiling_1.0.0.201209191645/META-INF/maven/org.eclipse.linuxtools.profiling
20	./Downloads/eclipse/features/org.eclipse.linuxtools.profiling_1.0.0.201209191645/META-INF/maven
44	./Downloads/eclipse/features/org.eclipse.linuxtools.profiling_1.0.0.201209191645/META-INF
96	./Downloads/eclipse/features/org.eclipse.linuxtools.profiling_1.0.0.201209191645
24	./Downloads/eclipse/features/org.eclipse.mylyn.wikitext_feature_1.7.2.v20120916-1200/META-INF
76	./Downloads/eclipse/features/org.eclipse.mylyn.wikitext_feature_1.7.2.v20120916-1200
12	./Downloads/eclipse/features/org.eclipse.linuxtools.cdt.libhover.devhelp.feature_1.0.0.201209191645/META-INF/maven/org.eclipse.linuxtools.cdt.libhover/org.eclipse.linuxtools.cdt.libhover.devhelp.feature
16	./Downloads/eclipse/features/org.eclipse.linuxtools.cdt.libhover.devhelp.feature_1.0.0.201209191645/META-INF/maven/org.eclipse.linuxtools.cdt.libhover
20	./Downloads/eclipse/features/org.eclipse.linuxtools.cdt.libhover.devhelp.feature_1.0.0.201209191645/META-INF/maven
44	./Downloads/eclipse/features/org.eclipse.linuxtools.cdt.libhover.devhelp.feature_1.0.0.201209191645/META-INF
100	./Downloads/eclipse/features/org.eclipse.linuxtools.cdt.libhover.devhelp.feature_1.0.0.201209191645
24	./Downloads/eclipse/features/org.eclipse.epp.package.common.feature_1.5.1.20120917-1257/META-INF
76	./Downloads/eclipse/features/org.eclipse.epp.package.common.feature_1.5.1.20120917-1257
24	./Downloads/eclipse/features/org.eclipse.rse.core_3.4.1.201209191030-7a7NFm27sResTNgNeS4R/META-INF
76	./Downloads/eclipse/features/org.eclipse.rse.core_3.4.1.201209191030-7a7NFm27sResTNgNeS4R
12	./Downloads/eclipse/features/org.eclipse.jgit_2.1.0.201209190230-r/META-INF/maven/org.eclipse.jgit.feature/org.eclipse.jgit
16	./Downloads/eclipse/features/org.eclipse.jgit_2.1.0.201209190230-r/META-INF/maven/org.eclipse.jgit.feature
20	./Downloads/eclipse/features/org.eclipse.jgit_2.1.0.201209190230-r/META-INF/maven
44	./Downloads/eclipse/features/org.eclipse.jgit_2.1.0.201209190230-r/META-INF
80	./Downloads/eclipse/features/org.eclipse.jgit_2.1.0.201209190230-r
12	./Downloads/eclipse/features/org.eclipse.linuxtools.gcov_1.0.0.201209191645/META-INF/maven/org.eclipse.linuxtools.gcov/org.eclipse.linuxtools.gcov
16	./Downloads/eclipse/features/org.eclipse.linuxtools.gcov_1.0.0.201209191645/META-INF/maven/org.eclipse.linuxtools.gcov
20	./Downloads/eclipse/features/org.eclipse.linuxtools.gcov_1.0.0.201209191645/META-INF/maven
44	./Downloads/eclipse/features/org.eclipse.linuxtools.gcov_1.0.0.201209191645/META-INF
96	./Downloads/eclipse/features/org.eclipse.linuxtools.gcov_1.0.0.201209191645
12	./Downloads/eclipse/features/org.eclipse.linuxtools.lttng2_1.1.1.201209191645/META-INF/maven/org.eclipse.linuxtools.lttng2/org.eclipse.linuxtools.lttng2
16	./Downloads/eclipse/features/org.eclipse.linuxtools.lttng2_1.1.1.201209191645/META-INF/maven/org.eclipse.linuxtools.lttng2
20	./Downloads/eclipse/features/org.eclipse.linuxtools.lttng2_1.1.1.201209191645/META-INF/maven
44	./Downloads/eclipse/features/org.eclipse.linuxtools.lttng2_1.1.1.201209191645/META-INF
96	./Downloads/eclipse/features/org.eclipse.linuxtools.lttng2_1.1.1.201209191645
12	./Downloads/eclipse/features/org.eclipse.egit.import_2.1.0.201209190230-r/META-INF/maven/org.eclipse.egit.feature/org.eclipse.egit.import
16	./Downloads/eclipse/features/org.eclipse.egit.import_2.1.0.201209190230-r/META-INF/maven/org.eclipse.egit.feature
20	./Downloads/eclipse/features/org.eclipse.egit.import_2.1.0.201209190230-r/META-INF/maven
44	./Downloads/eclipse/features/org.eclipse.egit.import_2.1.0.201209190230-r/META-INF
92	./Downloads/eclipse/features/org.eclipse.egit.import_2.1.0.201209190230-r
24	./Downloads/eclipse/features/org.eclipse.mylyn.discovery_3.8.2.v20120916-1200/META-INF
76	./Downloads/eclipse/features/org.eclipse.mylyn.discovery_3.8.2.v20120916-1200
24	./Downloads/eclipse/features/org.eclipse.mylyn.team_feature_3.8.2.v20120916-1200/META-INF
76	./Downloads/eclipse/features/org.eclipse.mylyn.team_feature_3.8.2.v20120916-1200
24	./Downloads/eclipse/features/org.eclipse.mylyn_feature_3.8.2.v20120916-1200/META-INF
80	./Downloads/eclipse/features/org.eclipse.mylyn_feature_3.8.2.v20120916-1200
24	./Downloads/eclipse/features/org.eclipse.mylyn.tasks.ide_3.8.2.v20120916-1200/META-INF
76	./Downloads/eclipse/features/org.eclipse.mylyn.tasks.ide_3.8.2.v20120916-1200
24	./Downloads/eclipse/features/org.eclipse.equinox.p2.user.ui_2.2.0.v20120524-0542-62DG9JXTlSiz-UbcP0w0KGl9CKNP/META-INF
96	./Downloads/eclipse/features/org.eclipse.equinox.p2.user.ui_2.2.0.v20120524-0542-62DG9JXTlSiz-UbcP0w0KGl9CKNP
12	./Downloads/eclipse/features/org.eclipse.linuxtools.perf.feature_1.0.0.201209191645/META-INF/maven/org.eclipse.linuxtools.perf-parent/org.eclipse.linuxtools.perf.feature
16	./Downloads/eclipse/features/org.eclipse.linuxtools.perf.feature_1.0.0.201209191645/META-INF/maven/org.eclipse.linuxtools.perf-parent
20	./Downloads/eclipse/features/org.eclipse.linuxtools.perf.feature_1.0.0.201209191645/META-INF/maven
44	./Downloads/eclipse/features/org.eclipse.linuxtools.perf.feature_1.0.0.201209191645/META-INF
100	./Downloads/eclipse/features/org.eclipse.linuxtools.perf.feature_1.0.0.201209191645
24	./Downloads/eclipse/features/org.eclipse.rse.local_2.1.400.201209191030-7B4FSg7J9EJ9rErE9O9/META-INF
72	./Downloads/eclipse/features/org.eclipse.rse.local_2.1.400.201209191030-7B4FSg7J9EJ9rErE9O9
12	./Downloads/eclipse/features/org.eclipse.linuxtools.ctf_1.0.0.201209191645/META-INF/maven/org.eclipse.linuxtools.ctf/org.eclipse.linuxtools.ctf
16	./Downloads/eclipse/features/org.eclipse.linuxtools.ctf_1.0.0.201209191645/META-INF/maven/org.eclipse.linuxtools.ctf
20	./Downloads/eclipse/features/org.eclipse.linuxtools.ctf_1.0.0.201209191645/META-INF/maven
44	./Downloads/eclipse/features/org.eclipse.linuxtools.ctf_1.0.0.201209191645/META-INF
92	./Downloads/eclipse/features/org.eclipse.linuxtools.ctf_1.0.0.201209191645
12	./Downloads/eclipse/features/org.eclipse.egit.psf_2.1.0.201209190230-r/META-INF/maven/org.eclipse.egit.feature/org.eclipse.egit.psf
16	./Downloads/eclipse/features/org.eclipse.egit.psf_2.1.0.201209190230-r/META-INF/maven/org.eclipse.egit.feature
20	./Downloads/eclipse/features/org.eclipse.egit.psf_2.1.0.201209190230-r/META-INF/maven
44	./Downloads/eclipse/features/org.eclipse.egit.psf_2.1.0.201209190230-r/META-INF
92	./Downloads/eclipse/features/org.eclipse.egit.psf_2.1.0.201209190230-r
24	./Downloads/eclipse/features/org.eclipse.rse.telnet_2.3.0.201209191030-775FD3879AE8YB_E8OA4/META-INF
72	./Downloads/eclipse/features/org.eclipse.rse.telnet_2.3.0.201209191030-775FD3879AE8YB_E8OA4
12	./Downloads/eclipse/features/org.eclipse.linuxtools.cdt.libhover.feature_1.0.0.201209191645/META-INF/maven/org.eclipse.linuxtools.cdt.libhover/org.eclipse.linuxtools.cdt.libhover.feature
16	./Downloads/eclipse/features/org.eclipse.linuxtools.cdt.libhover.feature_1.0.0.201209191645/META-INF/maven/org.eclipse.linuxtools.cdt.libhover
20	./Downloads/eclipse/features/org.eclipse.linuxtools.cdt.libhover.feature_1.0.0.201209191645/META-INF/maven
44	./Downloads/eclipse/features/org.eclipse.linuxtools.cdt.libhover.feature_1.0.0.201209191645/META-INF
100	./Downloads/eclipse/features/org.eclipse.linuxtools.cdt.libhover.feature_1.0.0.201209191645
12	./Downloads/eclipse/features/org.eclipse.linuxtools.gprof.feature_1.0.0.201209191645/META-INF/maven/org.eclipse.linuxtools.gprof/org.eclipse.linuxtools.gprof.feature
16	./Downloads/eclipse/features/org.eclipse.linuxtools.gprof.feature_1.0.0.201209191645/META-INF/maven/org.eclipse.linuxtools.gprof
20	./Downloads/eclipse/features/org.eclipse.linuxtools.gprof.feature_1.0.0.201209191645/META-INF/maven
44	./Downloads/eclipse/features/org.eclipse.linuxtools.gprof.feature_1.0.0.201209191645/META-INF
96	./Downloads/eclipse/features/org.eclipse.linuxtools.gprof.feature_1.0.0.201209191645
12	./Downloads/eclipse/features/org.eclipse.cdt.gnu.dsf_4.0.1.201209170703/META-INF/maven/org.eclipse.cdt.feature/org.eclipse.cdt.gnu.dsf
16	./Downloads/eclipse/features/org.eclipse.cdt.gnu.dsf_4.0.1.201209170703/META-INF/maven/org.eclipse.cdt.feature
20	./Downloads/eclipse/features/org.eclipse.cdt.gnu.dsf_4.0.1.201209170703/META-INF/maven
44	./Downloads/eclipse/features/org.eclipse.cdt.gnu.dsf_4.0.1.201209170703/META-INF
120	./Downloads/eclipse/features/org.eclipse.cdt.gnu.dsf_4.0.1.201209170703
12	./Downloads/eclipse/features/org.eclipse.cdt.debug.ui.memory_2.2.0.201209170703/META-INF/maven/org.eclipse.cdt.features/org.eclipse.cdt.debug.ui.memory
16	./Downloads/eclipse/features/org.eclipse.cdt.debug.ui.memory_2.2.0.201209170703/META-INF/maven/org.eclipse.cdt.features
20	./Downloads/eclipse/features/org.eclipse.cdt.debug.ui.memory_2.2.0.201209170703/META-INF/maven
44	./Downloads/eclipse/features/org.eclipse.cdt.debug.ui.memory_2.2.0.201209170703/META-INF
120	./Downloads/eclipse/features/org.eclipse.cdt.debug.ui.memory_2.2.0.201209170703
24	./Downloads/eclipse/features/org.eclipse.rse.dstore_3.4.1.201209191030-7L79FYz7VFNVGMOMNFcF/META-INF
72	./Downloads/eclipse/features/org.eclipse.rse.dstore_3.4.1.201209191030-7L79FYz7VFNVGMOMNFcF
24	./Downloads/eclipse/features/org.eclipse.emf.common_2.8.0.v20120911-0500/META-INF
72	./Downloads/eclipse/features/org.eclipse.emf.common_2.8.0.v20120911-0500
24	./Downloads/eclipse/features/org.eclipse.platform_4.2.1.v20120814-120134-9JF7BHVGFyMveli1uX6aTH0q-eAap6PAgOP5mO/META-INF
108	./Downloads/eclipse/features/org.eclipse.platform_4.2.1.v20120814-120134-9JF7BHVGFyMveli1uX6aTH0q-eAap6PAgOP5mO
12	./Downloads/eclipse/features/org.eclipse.cdt_8.1.1.201209170703/META-INF/maven/org.eclipse.cdt.features/org.eclipse.cdt
16	./Downloads/eclipse/features/org.eclipse.cdt_8.1.1.201209170703/META-INF/maven/org.eclipse.cdt.features
20	./Downloads/eclipse/features/org.eclipse.cdt_8.1.1.201209170703/META-INF/maven
44	./Downloads/eclipse/features/org.eclipse.cdt_8.1.1.201209170703/META-INF
120	./Downloads/eclipse/features/org.eclipse.cdt_8.1.1.201209170703
12	./Downloads/eclipse/features/org.eclipse.cdt.launch.remote_6.0.0.201209170703/META-INF/maven/org.eclipse.cdt/org.eclipse.cdt.launch.remote
16	./Downloads/eclipse/features/org.eclipse.cdt.launch.remote_6.0.0.201209170703/META-INF/maven/org.eclipse.cdt
20	./Downloads/eclipse/features/org.eclipse.cdt.launch.remote_6.0.0.201209170703/META-INF/maven
44	./Downloads/eclipse/features/org.eclipse.cdt.launch.remote_6.0.0.201209170703/META-INF
120	./Downloads/eclipse/features/org.eclipse.cdt.launch.remote_6.0.0.201209170703
24	./Downloads/eclipse/features/org.eclipse.rse_3.4.1.201209191030-7L7IFBY83omx__z0RFpKdWB-r5MS/META-INF
96	./Downloads/eclipse/features/org.eclipse.rse_3.4.1.201209191030-7L7IFBY83omx__z0RFpKdWB-r5MS
12	./Downloads/eclipse/features/org.eclipse.cdt.gnu.build_8.1.1.201209170703/META-INF/maven/org.eclipse.cdt.features/org.eclipse.cdt.gnu.build
16	./Downloads/eclipse/features/org.eclipse.cdt.gnu.build_8.1.1.201209170703/META-INF/maven/org.eclipse.cdt.features
20	./Downloads/eclipse/features/org.eclipse.cdt.gnu.build_8.1.1.201209170703/META-INF/maven
44	./Downloads/eclipse/features/org.eclipse.cdt.gnu.build_8.1.1.201209170703/META-INF
120	./Downloads/eclipse/features/org.eclipse.cdt.gnu.build_8.1.1.201209170703
12	./Downloads/eclipse/features/org.eclipse.linuxtools.tmf_1.1.1.201209191645/META-INF/maven/org.eclipse.linuxtools.tmf/org.eclipse.linuxtools.tmf
16	./Downloads/eclipse/features/org.eclipse.linuxtools.tmf_1.1.1.201209191645/META-INF/maven/org.eclipse.linuxtools.tmf
20	./Downloads/eclipse/features/org.eclipse.linuxtools.tmf_1.1.1.201209191645/META-INF/maven
44	./Downloads/eclipse/features/org.eclipse.linuxtools.tmf_1.1.1.201209191645/META-INF
96	./Downloads/eclipse/features/org.eclipse.linuxtools.tmf_1.1.1.201209191645
24	./Downloads/eclipse/features/org.eclipse.cdt.mylyn_5.4.2.v20120916-1200/META-INF
76	./Downloads/eclipse/features/org.eclipse.cdt.mylyn_5.4.2.v20120916-1200
12	./Downloads/eclipse/features/org.eclipse.linuxtools.rpm_1.0.0.201209191645/META-INF/maven/org.eclipse.linuxtools.rpm/org.eclipse.linuxtools.rpm
16	./Downloads/eclipse/features/org.eclipse.linuxtools.rpm_1.0.0.201209191645/META-INF/maven/org.eclipse.linuxtools.rpm
20	./Downloads/eclipse/features/org.eclipse.linuxtools.rpm_1.0.0.201209191645/META-INF/maven
44	./Downloads/eclipse/features/org.eclipse.linuxtools.rpm_1.0.0.201209191645/META-INF
96	./Downloads/eclipse/features/org.eclipse.linuxtools.rpm_1.0.0.201209191645
12	./Downloads/eclipse/features/org.eclipse.linuxtools.oprofile.feature_1.0.0.201209191645/META-INF/maven/org.eclipse.linuxtools.oprofile/org.eclipse.linuxtools.oprofile.feature
16	./Downloads/eclipse/features/org.eclipse.linuxtools.oprofile.feature_1.0.0.201209191645/META-INF/maven/org.eclipse.linuxtools.oprofile
20	./Downloads/eclipse/features/org.eclipse.linuxtools.oprofile.feature_1.0.0.201209191645/META-INF/maven
44	./Downloads/eclipse/features/org.eclipse.linuxtools.oprofile.feature_1.0.0.201209191645/META-INF
96	./Downloads/eclipse/features/org.eclipse.linuxtools.oprofile.feature_1.0.0.201209191645
12	./Downloads/eclipse/features/org.eclipse.cdt.platform_8.1.1.201209170703/META-INF/maven/org.eclipse.cdt.features/org.eclipse.cdt.platform
16	./Downloads/eclipse/features/org.eclipse.cdt.platform_8.1.1.201209170703/META-INF/maven/org.eclipse.cdt.features
20	./Downloads/eclipse/features/org.eclipse.cdt.platform_8.1.1.201209170703/META-INF/maven
44	./Downloads/eclipse/features/org.eclipse.cdt.platform_8.1.1.201209170703/META-INF
124	./Downloads/eclipse/features/org.eclipse.cdt.platform_8.1.1.201209170703
24	./Downloads/eclipse/features/org.eclipse.cvs_1.3.200.v20120525-1249-7B79FJJAkF7BF7VEH5IAJT/META-INF
96	./Downloads/eclipse/features/org.eclipse.cvs_1.3.200.v20120525-1249-7B79FJJAkF7BF7VEH5IAJT
24	./Downloads/eclipse/features/org.eclipse.mylyn.bugzilla_feature_3.8.2.v20120916-1200/META-INF
76	./Downloads/eclipse/features/org.eclipse.mylyn.bugzilla_feature_3.8.2.v20120916-1200
12	./Downloads/eclipse/features/org.eclipse.epp.mpc_1.1.1.I20110907-0947/META-INF/maven/org.eclipse.epp.mpc/org.eclipse.epp.mpc
16	./Downloads/eclipse/features/org.eclipse.epp.mpc_1.1.1.I20110907-0947/META-INF/maven/org.eclipse.epp.mpc
20	./Downloads/eclipse/features/org.eclipse.epp.mpc_1.1.1.I20110907-0947/META-INF/maven
44	./Downloads/eclipse/features/org.eclipse.epp.mpc_1.1.1.I20110907-0947/META-INF
100	./Downloads/eclipse/features/org.eclipse.epp.mpc_1.1.1.I20110907-0947
24	./Downloads/eclipse/features/org.eclipse.equinox.p2.core.feature_1.1.0.v20120524-0542-8297FncFWmE7h4Asx2cpqz-T38/META-INF
100	./Downloads/eclipse/features/org.eclipse.equinox.p2.core.feature_1.1.0.v20120524-0542-8297FncFWmE7h4Asx2cpqz-T38
24	./Downloads/eclipse/features/org.eclipse.rse.terminals_1.2.1.201209191030-773Ep7H8AG8_DZK9Q9252/META-INF
96	./Downloads/eclipse/features/org.eclipse.rse.terminals_1.2.1.201209191030-773Ep7H8AG8_DZK9Q9252
12	./Downloads/eclipse/features/org.eclipse.linuxtools.valgrind_1.0.0.201209191645/META-INF/maven/org.eclipse.linuxtools.valgrind/org.eclipse.linuxtools.valgrind
16	./Downloads/eclipse/features/org.eclipse.linuxtools.valgrind_1.0.0.201209191645/META-INF/maven/org.eclipse.linuxtools.valgrind
20	./Downloads/eclipse/features/org.eclipse.linuxtools.valgrind_1.0.0.201209191645/META-INF/maven
44	./Downloads/eclipse/features/org.eclipse.linuxtools.valgrind_1.0.0.201209191645/META-INF
96	./Downloads/eclipse/features/org.eclipse.linuxtools.valgrind_1.0.0.201209191645
12	./Downloads/eclipse/features/org.eclipse.cdt.build.crossgcc_1.1.0.201209170703/META-INF/maven/org.eclipse.cdt.features/org.eclipse.cdt.build.crossgcc
16	./Downloads/eclipse/features/org.eclipse.cdt.build.crossgcc_1.1.0.201209170703/META-INF/maven/org.eclipse.cdt.features
20	./Downloads/eclipse/features/org.eclipse.cdt.build.crossgcc_1.1.0.201209170703/META-INF/maven
44	./Downloads/eclipse/features/org.eclipse.cdt.build.crossgcc_1.1.0.201209170703/META-INF
120	./Downloads/eclipse/features/org.eclipse.cdt.build.crossgcc_1.1.0.201209170703
24	./Downloads/eclipse/features/org.eclipse.mylyn.ide_feature_3.8.2.v20120916-1200/META-INF
76	./Downloads/eclipse/features/org.eclipse.mylyn.ide_feature_3.8.2.v20120916-1200
12	./Downloads/eclipse/features/org.eclipse.cdt.msw_1.0.0.201209170703/META-INF/maven/org.eclipse.cdt.features/org.eclipse.cdt.msw
16	./Downloads/eclipse/features/org.eclipse.cdt.msw_1.0.0.201209170703/META-INF/maven/org.eclipse.cdt.features
20	./Downloads/eclipse/features/org.eclipse.cdt.msw_1.0.0.201209170703/META-INF/maven
44	./Downloads/eclipse/features/org.eclipse.cdt.msw_1.0.0.201209170703/META-INF
120	./Downloads/eclipse/features/org.eclipse.cdt.msw_1.0.0.201209170703
24	./Downloads/eclipse/features/org.eclipse.tm.terminal_3.2.1.201209191030-41031231A2A2141/META-INF
72	./Downloads/eclipse/features/org.eclipse.tm.terminal_3.2.1.201209191030-41031231A2A2141
12	./Downloads/eclipse/features/org.eclipse.linuxtools.callgraph.feature_1.0.0.201209191645/META-INF/maven/org.eclipse.linuxtools.systemtap/org.eclipse.linuxtools.callgraph.feature
16	./Downloads/eclipse/features/org.eclipse.linuxtools.callgraph.feature_1.0.0.201209191645/META-INF/maven/org.eclipse.linuxtools.systemtap
20	./Downloads/eclipse/features/org.eclipse.linuxtools.callgraph.feature_1.0.0.201209191645/META-INF/maven
44	./Downloads/eclipse/features/org.eclipse.linuxtools.callgraph.feature_1.0.0.201209191645/META-INF
96	./Downloads/eclipse/features/org.eclipse.linuxtools.callgraph.feature_1.0.0.201209191645
24	./Downloads/eclipse/features/org.eclipse.mylyn.commons.repositories_1.0.2.v20120916-1200/META-INF
76	./Downloads/eclipse/features/org.eclipse.mylyn.commons.repositories_1.0.2.v20120916-1200
24	./Downloads/eclipse/features/org.eclipse.emf.ecore_2.8.1.v20120911-0500/META-INF
72	./Downloads/eclipse/features/org.eclipse.emf.ecore_2.8.1.v20120911-0500
24	./Downloads/eclipse/features/org.eclipse.e4.rcp_1.1.0.v20120521-2329-8yFTIGIbGGduEZ6-7-jLx41nXj/META-INF
112	./Downloads/eclipse/features/org.eclipse.e4.rcp_1.1.0.v20120521-2329-8yFTIGIbGGduEZ6-7-jLx41nXj
24	./Downloads/eclipse/features/org.eclipse.mylyn.commons.notifications_1.0.2.v20120916-1200/META-INF
76	./Downloads/eclipse/features/org.eclipse.mylyn.commons.notifications_1.0.2.v20120916-1200
24	./Downloads/eclipse/features/org.eclipse.epp.package.cpp.feature_1.5.1.20120920-0737/META-INF
76	./Downloads/eclipse/features/org.eclipse.epp.package.cpp.feature_1.5.1.20120920-0737
24	./Downloads/eclipse/features/org.eclipse.rse.ssh_3.0.400.201209191030-7A4FEc7F7BF7gBgB7J7/META-INF
72	./Downloads/eclipse/features/org.eclipse.rse.ssh_3.0.400.201209191030-7A4FEc7F7BF7gBgB7J7
12	./Downloads/eclipse/features/org.eclipse.cdt.gdb_7.0.0.201209170703/META-INF/maven/org.eclipse.cdt.features/org.eclipse.cdt.gdb
16	./Downloads/eclipse/features/org.eclipse.cdt.gdb_7.0.0.201209170703/META-INF/maven/org.eclipse.cdt.features
20	./Downloads/eclipse/features/org.eclipse.cdt.gdb_7.0.0.201209170703/META-INF/maven
44	./Downloads/eclipse/features/org.eclipse.cdt.gdb_7.0.0.201209170703/META-INF
120	./Downloads/eclipse/features/org.eclipse.cdt.gdb_7.0.0.201209170703
24	./Downloads/eclipse/features/org.eclipse.mylyn.monitor_3.8.2.v20120916-1200/META-INF
76	./Downloads/eclipse/features/org.eclipse.mylyn.monitor_3.8.2.v20120916-1200
12	./Downloads/eclipse/features/org.eclipse.cdt.autotools_3.0.1.201209170703/META-INF/maven/org.eclipse.cdt.features/org.eclipse.cdt.autotools
16	./Downloads/eclipse/features/org.eclipse.cdt.autotools_3.0.1.201209170703/META-INF/maven/org.eclipse.cdt.features
20	./Downloads/eclipse/features/org.eclipse.cdt.autotools_3.0.1.201209170703/META-INF/maven
44	./Downloads/eclipse/features/org.eclipse.cdt.autotools_3.0.1.201209170703/META-INF
100	./Downloads/eclipse/features/org.eclipse.cdt.autotools_3.0.1.201209170703
24	./Downloads/eclipse/features/org.eclipse.rse.ftp_3.1.0.201209191030-782FBV8377A6N8PB6J84/META-INF
72	./Downloads/eclipse/features/org.eclipse.rse.ftp_3.1.0.201209191030-782FBV8377A6N8PB6J84
6356	./Downloads/eclipse/features
8	./Downloads/eclipse/p2/org.eclipse.equinox.p2.engine/profileRegistry/epp.package.cpp.profile/.data/org.eclipse.equinox.internal.p2.touchpoint.eclipse.actions
12	./Downloads/eclipse/p2/org.eclipse.equinox.p2.engine/profileRegistry/epp.package.cpp.profile/.data/.settings
24	./Downloads/eclipse/p2/org.eclipse.equinox.p2.engine/profileRegistry/epp.package.cpp.profile/.data
204	./Downloads/eclipse/p2/org.eclipse.equinox.p2.engine/profileRegistry/epp.package.cpp.profile
208	./Downloads/eclipse/p2/org.eclipse.equinox.p2.engine/profileRegistry
16	./Downloads/eclipse/p2/org.eclipse.equinox.p2.engine/.settings
228	./Downloads/eclipse/p2/org.eclipse.equinox.p2.engine
468	./Downloads/eclipse/p2/org.eclipse.equinox.p2.core/cache/binary
476	./Downloads/eclipse/p2/org.eclipse.equinox.p2.core/cache
480	./Downloads/eclipse/p2/org.eclipse.equinox.p2.core
712	./Downloads/eclipse/p2
4	./Downloads/eclipse/dropins
108	./Downloads/eclipse/readme
24	./Downloads/eclipse/plugins/org.eclipse.core.runtime.compatibility.registry_3.5.100.v20120521-2346/META-INF
56	./Downloads/eclipse/plugins/org.eclipse.core.runtime.compatibility.registry_3.5.100.v20120521-2346
24	./Downloads/eclipse/plugins/org.eclipse.epp.package.cpp_1.5.1.20120828-0743/META-INF
112	./Downloads/eclipse/plugins/org.eclipse.epp.package.cpp_1.5.1.20120828-0743
40	./Downloads/eclipse/plugins/org.eclipse.ui.intro.universal_3.2.600.v20120521-2344/themes/slate/swt
32	./Downloads/eclipse/plugins/org.eclipse.ui.intro.universal_3.2.600.v20120521-2344/themes/slate/graphics/launchbar
68	./Downloads/eclipse/plugins/org.eclipse.ui.intro.universal_3.2.600.v20120521-2344/themes/slate/graphics/standby
288	./Downloads/eclipse/plugins/org.eclipse.ui.intro.universal_3.2.600.v20120521-2344/themes/slate/graphics/rootpage
236	./Downloads/eclipse/plugins/org.eclipse.ui.intro.universal_3.2.600.v20120521-2344/themes/slate/graphics/icons/ctool
240	./Downloads/eclipse/plugins/org.eclipse.ui.intro.universal_3.2.600.v20120521-2344/themes/slate/graphics/icons
96	./Downloads/eclipse/plugins/org.eclipse.ui.intro.universal_3.2.600.v20120521-2344/themes/slate/graphics/contentpage
728	./Downloads/eclipse/plugins/org.eclipse.ui.intro.universal_3.2.600.v20120521-2344/themes/slate/graphics
80	./Downloads/eclipse/plugins/org.eclipse.ui.intro.universal_3.2.600.v20120521-2344/themes/slate/html
864	./Downloads/eclipse/plugins/org.eclipse.ui.intro.universal_3.2.600.v20120521-2344/themes/slate
36	./Downloads/eclipse/plugins/org.eclipse.ui.intro.universal_3.2.600.v20120521-2344/themes/shared/graphics/icons/ctool
40	./Downloads/eclipse/plugins/org.eclipse.ui.intro.universal_3.2.600.v20120521-2344/themes/shared/graphics/icons
40	./Downloads/eclipse/plugins/org.eclipse.ui.intro.universal_3.2.600.v20120521-2344/themes/shared/graphics/contentpage
84	./Downloads/eclipse/plugins/org.eclipse.ui.intro.universal_3.2.600.v20120521-2344/themes/shared/graphics
12	./Downloads/eclipse/plugins/org.eclipse.ui.intro.universal_3.2.600.v20120521-2344/themes/shared/html
100	./Downloads/eclipse/plugins/org.eclipse.ui.intro.universal_3.2.600.v20120521-2344/themes/shared
40	./Downloads/eclipse/plugins/org.eclipse.ui.intro.universal_3.2.600.v20120521-2344/themes/circles/swt
32	./Downloads/eclipse/plugins/org.eclipse.ui.intro.universal_3.2.600.v20120521-2344/themes/circles/graphics/launchbar
68	./Downloads/eclipse/plugins/org.eclipse.ui.intro.universal_3.2.600.v20120521-2344/themes/circles/graphics/standby
104	./Downloads/eclipse/plugins/org.eclipse.ui.intro.universal_3.2.600.v20120521-2344/themes/circles/graphics/rootpage
400	./Downloads/eclipse/plugins/org.eclipse.ui.intro.universal_3.2.600.v20120521-2344/themes/circles/graphics/icons/ctool
12	./Downloads/eclipse/plugins/org.eclipse.ui.intro.universal_3.2.600.v20120521-2344/themes/circles/graphics/icons/obj48
416	./Downloads/eclipse/plugins/org.eclipse.ui.intro.universal_3.2.600.v20120521-2344/themes/circles/graphics/icons
116	./Downloads/eclipse/plugins/org.eclipse.ui.intro.universal_3.2.600.v20120521-2344/themes/circles/graphics/contentpage
740	./Downloads/eclipse/plugins/org.eclipse.ui.intro.universal_3.2.600.v20120521-2344/themes/circles/graphics
84	./Downloads/eclipse/plugins/org.eclipse.ui.intro.universal_3.2.600.v20120521-2344/themes/circles/html
884	./Downloads/eclipse/plugins/org.eclipse.ui.intro.universal_3.2.600.v20120521-2344/themes/circles
40	./Downloads/eclipse/plugins/org.eclipse.ui.intro.universal_3.2.600.v20120521-2344/themes/purpleMesh/swt
12	./Downloads/eclipse/plugins/org.eclipse.ui.intro.universal_3.2.600.v20120521-2344/themes/purpleMesh/graphics/swt
32	./Downloads/eclipse/plugins/org.eclipse.ui.intro.universal_3.2.600.v20120521-2344/themes/purpleMesh/graphics/launchbar
148	./Downloads/eclipse/plugins/org.eclipse.ui.intro.universal_3.2.600.v20120521-2344/themes/purpleMesh/graphics/icons/ctool
12	./Downloads/eclipse/plugins/org.eclipse.ui.intro.universal_3.2.600.v20120521-2344/themes/purpleMesh/graphics/icons/obj48
12	./Downloads/eclipse/plugins/org.eclipse.ui.intro.universal_3.2.600.v20120521-2344/themes/purpleMesh/graphics/icons/dtool
108	./Downloads/eclipse/plugins/org.eclipse.ui.intro.universal_3.2.600.v20120521-2344/themes/purpleMesh/graphics/icons/etool
284	./Downloads/eclipse/plugins/org.eclipse.ui.intro.universal_3.2.600.v20120521-2344/themes/purpleMesh/graphics/icons
248	./Downloads/eclipse/plugins/org.eclipse.ui.intro.universal_3.2.600.v20120521-2344/themes/purpleMesh/graphics/root
368	./Downloads/eclipse/plugins/org.eclipse.ui.intro.universal_3.2.600.v20120521-2344/themes/purpleMesh/graphics/contentpage
948	./Downloads/eclipse/plugins/org.eclipse.ui.intro.universal_3.2.600.v20120521-2344/themes/purpleMesh/graphics
76	./Downloads/eclipse/plugins/org.eclipse.ui.intro.universal_3.2.600.v20120521-2344/themes/purpleMesh/html
1084	./Downloads/eclipse/plugins/org.eclipse.ui.intro.universal_3.2.600.v20120521-2344/themes/purpleMesh
2936	./Downloads/eclipse/plugins/org.eclipse.ui.intro.universal_3.2.600.v20120521-2344/themes
100	./Downloads/eclipse/plugins/org.eclipse.ui.intro.universal_3.2.600.v20120521-2344/META-INF
8	./Downloads/eclipse/plugins/org.eclipse.ui.intro.universal_3.2.600.v20120521-2344/icons/full/elcl16
28	./Downloads/eclipse/plugins/org.eclipse.ui.intro.universal_3.2.600.v20120521-2344/icons/full/obj16
40	./Downloads/eclipse/plugins/org.eclipse.ui.intro.universal_3.2.600.v20120521-2344/icons/full
48	./Downloads/eclipse/plugins/org.eclipse.ui.intro.universal_3.2.600.v20120521-2344/icons
3228	./Downloads/eclipse/plugins/org.eclipse.ui.intro.universal_3.2.600.v20120521-2344
48	./Downloads/eclipse/plugins/org.apache.ant_1.8.3.v20120321-1730/about_files
32	./Downloads/eclipse/plugins/org.apache.ant_1.8.3.v20120321-1730/META-INF
76	./Downloads/eclipse/plugins/org.apache.ant_1.8.3.v20120321-1730/bin
28	./Downloads/eclipse/plugins/org.apache.ant_1.8.3.v20120321-1730/etc/checkstyle
272	./Downloads/eclipse/plugins/org.apache.ant_1.8.3.v20120321-1730/etc
2464	./Downloads/eclipse/plugins/org.apache.ant_1.8.3.v20120321-1730/lib
2908	./Downloads/eclipse/plugins/org.apache.ant_1.8.3.v20120321-1730
44	./Downloads/eclipse/plugins/org.eclipse.linuxtools.oprofile.core_1.1.0.201209191645/natives/linux/scripts
48	./Downloads/eclipse/plugins/org.eclipse.linuxtools.oprofile.core_1.1.0.201209191645/natives/linux
52	./Downloads/eclipse/plugins/org.eclipse.linuxtools.oprofile.core_1.1.0.201209191645/natives
12	./Downloads/eclipse/plugins/org.eclipse.linuxtools.oprofile.core_1.1.0.201209191645/META-INF/maven/org.eclipse.linuxtools.oprofile/org.eclipse.linuxtools.oprofile.core
16	./Downloads/eclipse/plugins/org.eclipse.linuxtools.oprofile.core_1.1.0.201209191645/META-INF/maven/org.eclipse.linuxtools.oprofile
20	./Downloads/eclipse/plugins/org.eclipse.linuxtools.oprofile.core_1.1.0.201209191645/META-INF/maven
44	./Downloads/eclipse/plugins/org.eclipse.linuxtools.oprofile.core_1.1.0.201209191645/META-INF
224	./Downloads/eclipse/plugins/org.eclipse.linuxtools.oprofile.core_1.1.0.201209191645
24	./Downloads/eclipse/plugins/org.eclipse.equinox.launcher.gtk.linux.x86_64_1.1.200.v20120522-1813/META-INF
224	./Downloads/eclipse/plugins/org.eclipse.equinox.launcher.gtk.linux.x86_64_1.1.200.v20120522-1813
44	./Downloads/eclipse/plugins/org.eclipse.platform_4.2.1.v201209141800/css
28	./Downloads/eclipse/plugins/org.eclipse.platform_4.2.1.v201209141800/intro/css
52	./Downloads/eclipse/plugins/org.eclipse.platform_4.2.1.v201209141800/intro
72	./Downloads/eclipse/plugins/org.eclipse.platform_4.2.1.v201209141800/images/topiclabel
148	./Downloads/eclipse/plugins/org.eclipse.platform_4.2.1.v201209141800/images
32	./Downloads/eclipse/plugins/org.eclipse.platform_4.2.1.v201209141800/META-INF
12	./Downloads/eclipse/plugins/org.eclipse.platform_4.2.1.v201209141800/cheatsheets
1028	./Downloads/eclipse/plugins/org.eclipse.platform_4.2.1.v201209141800
153156	./Downloads/eclipse/plugins
56	./Downloads/eclipse/configuration/org.eclipse.equinox.simpleconfigurator
20	./Downloads/eclipse/configuration/org.eclipse.update
8	./Downloads/eclipse/configuration/org.eclipse.equinox.source
92	./Downloads/eclipse/configuration
161568	./Downloads/eclipse
16	./Downloads/An_Introdu1890475212005
303616	./Downloads
4	./.gphoto
4	./Videos
480	./Desktop/Socket_Programming/java
200	./Desktop/Socket_Programming/C
684	./Desktop/Socket_Programming
1572	./Desktop
4	./.mission-control/accounts
8	./.mission-control
308	./C++
8	./.gconf/apps/evolution/addressbook/self
16	./.gconf/apps/evolution/addressbook
20	./.gconf/apps/evolution
8	./.gconf/apps/update-manager
8	./.gconf/apps/totem
8	./.gconf/apps/shotwell/preferences/window
8	./.gconf/apps/shotwell/preferences/ui
20	./.gconf/apps/shotwell/preferences
24	./.gconf/apps/shotwell
8	./.gconf/apps/compiz-1/plugins/gnomecompat/screen0/options
12	./.gconf/apps/compiz-1/plugins/gnomecompat/screen0
16	./.gconf/apps/compiz-1/plugins/gnomecompat
8	./.gconf/apps/compiz-1/plugins/unityshell/screen0/options
12	./.gconf/apps/compiz-1/plugins/unityshell/screen0
16	./.gconf/apps/compiz-1/plugins/unityshell
36	./.gconf/apps/compiz-1/plugins
8	./.gconf/apps/compiz-1/general/screen0/options
12	./.gconf/apps/compiz-1/general/screen0
16	./.gconf/apps/compiz-1/general
56	./.gconf/apps/compiz-1
8	./.gconf/apps/compizconfig-1
8	./.gconf/apps/empathy/ui
8	./.gconf/apps/empathy/contacts
20	./.gconf/apps/empathy
8	./.gconf/apps/deja-dup/s3
16	./.gconf/apps/deja-dup
8	./.gconf/apps/nm-applet
8	./.gconf/apps/gedit-2/preferences/editor/save
8	./.gconf/apps/gedit-2/preferences/editor/bracket_matching
8	./.gconf/apps/gedit-2/preferences/editor/line_numbers
8	./.gconf/apps/gedit-2/preferences/editor/auto_indent
36	./.gconf/apps/gedit-2/preferences/editor
8	./.gconf/apps/gedit-2/preferences/ui/statusbar
12	./.gconf/apps/gedit-2/preferences/ui
52	./.gconf/apps/gedit-2/preferences
8	./.gconf/apps/gedit-2/plugins
64	./.gconf/apps/gedit-2
8	./.gconf/apps/file-roller/listing
8	./.gconf/apps/file-roller/ui
8	./.gconf/apps/file-roller/dialogs/extract
8	./.gconf/apps/file-roller/dialogs/batch-add
20	./.gconf/apps/file-roller/dialogs
8	./.gconf/apps/file-roller/general
48	./.gconf/apps/file-roller
8	./.gconf/apps/eog/ui
8	./.gconf/apps/eog/view
20	./.gconf/apps/eog
8	./.gconf/apps/update-notifier
8	./.gconf/apps/gnome-terminal/profiles/Default
12	./.gconf/apps/gnome-terminal/profiles
16	./.gconf/apps/gnome-terminal
8	./.gconf/apps/nautilus/preferences
12	./.gconf/apps/nautilus
8	./.gconf/apps/metacity/general
8	./.gconf/apps/metacity/window_keybindings
8	./.gconf/apps/metacity/global_keybindings
28	./.gconf/apps/metacity
368	./.gconf/apps
8	./.gconf/desktop/gnome/peripherals/touchpad
12	./.gconf/desktop/gnome/peripherals
8	./.gconf/desktop/gnome/background
24	./.gconf/desktop/gnome
28	./.gconf/desktop
400	./.gconf
100	./C-pr2
368	./fontconfig
28	./prac
4	./.config/evolution/sources
8	./.config/evolution
4	./.config/goa-1.0
4	./.config/ubuntuone
8	./.config/gtk-3.0
4	./.config/gnome-session/saved-session
8	./.config/gnome-session
4	./.config/upstart
8	./.config/totem
8	./.config/compiz-1/compizconfig
12	./.config/compiz-1
8	./.config/vlc
8	./.config/Empathy
4	./.config/libreoffice/3/user/autocorr
4	./.config/libreoffice/3/user/psprint/fontmetric
4	./.config/libreoffice/3/user/psprint/driver
44	./.config/libreoffice/3/user/psprint
16	./.config/libreoffice/3/user/basic/Standard
28	./.config/libreoffice/3/user/basic
4	./.config/libreoffice/3/user/temp
4	./.config/libreoffice/3/user/backup
8	./.config/libreoffice/3/user/autotext
4	./.config/libreoffice/3/user/extensions/bundled/registry/com.sun.star.comp.deployment.sfwk.PackageRegistryBackend
12	./.config/libreoffice/3/user/extensions/bundled/registry/com.sun.star.comp.deployment.component.PackageRegistryBackend
8	./.config/libreoffice/3/user/extensions/bundled/registry/com.sun.star.comp.deployment.help.PackageRegistryBackend
8	./.config/libreoffice/3/user/extensions/bundled/registry/com.sun.star.comp.deployment.configuration.PackageRegistryBackend
4	./.config/libreoffice/3/user/extensions/bundled/registry/com.sun.star.comp.deployment.script.PackageRegistryBackend
8	./.config/libreoffice/3/user/extensions/bundled/registry/com.sun.star.comp.deployment.bundle.PackageRegistryBackend
4	./.config/libreoffice/3/user/extensions/bundled/registry/com.sun.star.comp.deployment.executable.PackageRegistryBackend
52	./.config/libreoffice/3/user/extensions/bundled/registry
68	./.config/libreoffice/3/user/extensions/bundled
4	./.config/libreoffice/3/user/extensions/shared/registry/com.sun.star.comp.deployment.sfwk.PackageRegistryBackend
4	./.config/libreoffice/3/user/extensions/shared/registry/com.sun.star.comp.deployment.component.PackageRegistryBackend
8	./.config/libreoffice/3/user/extensions/shared/registry/com.sun.star.comp.deployment.help.PackageRegistryBackend
8	./.config/libreoffice/3/user/extensions/shared/registry/com.sun.star.comp.deployment.configuration.PackageRegistryBackend
4	./.config/libreoffice/3/user/extensions/shared/registry/com.sun.star.comp.deployment.script.PackageRegistryBackend
4	./.config/libreoffice/3/user/extensions/shared/registry/com.sun.star.comp.deployment.bundle.PackageRegistryBackend
4	./.config/libreoffice/3/user/extensions/shared/registry/com.sun.star.comp.deployment.executable.PackageRegistryBackend
40	./.config/libreoffice/3/user/extensions/shared/registry
56	./.config/libreoffice/3/user/extensions/shared
128	./.config/libreoffice/3/user/extensions
4	./.config/libreoffice/3/user/config/soffice.cfg/modules/scalc/images/Bitmaps
8	./.config/libreoffice/3/user/config/soffice.cfg/modules/scalc/images
4	./.config/libreoffice/3/user/config/soffice.cfg/modules/scalc/toolbar
4	./.config/libreoffice/3/user/config/soffice.cfg/modules/scalc/menubar
4	./.config/libreoffice/3/user/config/soffice.cfg/modules/scalc/statusbar
24	./.config/libreoffice/3/user/config/soffice.cfg/modules/scalc
4	./.config/libreoffice/3/user/config/soffice.cfg/modules/simpress/images/Bitmaps
8	./.config/libreoffice/3/user/config/soffice.cfg/modules/simpress/images
4	./.config/libreoffice/3/user/config/soffice.cfg/modules/simpress/toolbar
4	./.config/libreoffice/3/user/config/soffice.cfg/modules/simpress/menubar
4	./.config/libreoffice/3/user/config/soffice.cfg/modules/simpress/statusbar
24	./.config/libreoffice/3/user/config/soffice.cfg/modules/simpress
4	./.config/libreoffice/3/user/config/soffice.cfg/modules/swriter/images/Bitmaps
8	./.config/libreoffice/3/user/config/soffice.cfg/modules/swriter/images
4	./.config/libreoffice/3/user/config/soffice.cfg/modules/swriter/toolbar
4	./.config/libreoffice/3/user/config/soffice.cfg/modules/swriter/menubar
4	./.config/libreoffice/3/user/config/soffice.cfg/modules/swriter/statusbar
24	./.config/libreoffice/3/user/config/soffice.cfg/modules/swriter
76	./.config/libreoffice/3/user/config/soffice.cfg/modules
80	./.config/libreoffice/3/user/config/soffice.cfg
484	./.config/libreoffice/3/user/config
892	./.config/libreoffice/3/user/database/biblio
900	./.config/libreoffice/3/user/database
4	./.config/libreoffice/3/user/uno_packages/cache/uno_packages
4	./.config/libreoffice/3/user/uno_packages/cache/registry/com.sun.star.comp.deployment.sfwk.PackageRegistryBackend
4	./.config/libreoffice/3/user/uno_packages/cache/registry/com.sun.star.comp.deployment.component.PackageRegistryBackend
8	./.config/libreoffice/3/user/uno_packages/cache/registry/com.sun.star.comp.deployment.help.PackageRegistryBackend
8	./.config/libreoffice/3/user/uno_packages/cache/registry/com.sun.star.comp.deployment.configuration.PackageRegistryBackend
4	./.config/libreoffice/3/user/uno_packages/cache/registry/com.sun.star.comp.deployment.script.PackageRegistryBackend
4	./.config/libreoffice/3/user/uno_packages/cache/registry/com.sun.star.comp.deployment.bundle.PackageRegistryBackend
4	./.config/libreoffice/3/user/uno_packages/cache/registry/com.sun.star.comp.deployment.executable.PackageRegistryBackend
40	./.config/libreoffice/3/user/uno_packages/cache/registry
60	./.config/libreoffice/3/user/uno_packages/cache
64	./.config/libreoffice/3/user/uno_packages
4	./.config/libreoffice/3/user/template
4	./.config/libreoffice/3/user/wordbook
20	./.config/libreoffice/3/user/gallery
4	./.config/libreoffice/3/user/Scripts
4	./.config/libreoffice/3/user/store
1792	./.config/libreoffice/3/user
1796	./.config/libreoffice/3
40	./.config/libreoffice/4/user/psprint
16	./.config/libreoffice/4/user/basic/Standard
28	./.config/libreoffice/4/user/basic
8	./.config/libreoffice/4/user/autotext
4	./.config/libreoffice/4/user/extensions/bundled/registry/com.sun.star.comp.deployment.sfwk.PackageRegistryBackend
4	./.config/libreoffice/4/user/extensions/bundled/registry/com.sun.star.comp.deployment.component.PackageRegistryBackend
8	./.config/libreoffice/4/user/extensions/bundled/registry/com.sun.star.comp.deployment.help.PackageRegistryBackend
8	./.config/libreoffice/4/user/extensions/bundled/registry/com.sun.star.comp.deployment.configuration.PackageRegistryBackend
4	./.config/libreoffice/4/user/extensions/bundled/registry/com.sun.star.comp.deployment.script.PackageRegistryBackend
4	./.config/libreoffice/4/user/extensions/bundled/registry/com.sun.star.comp.deployment.bundle.PackageRegistryBackend
4	./.config/libreoffice/4/user/extensions/bundled/registry/com.sun.star.comp.deployment.executable.PackageRegistryBackend
40	./.config/libreoffice/4/user/extensions/bundled/registry
48	./.config/libreoffice/4/user/extensions/bundled
4	./.config/libreoffice/4/user/extensions/shared/registry/com.sun.star.comp.deployment.sfwk.PackageRegistryBackend
4	./.config/libreoffice/4/user/extensions/shared/registry/com.sun.star.comp.deployment.component.PackageRegistryBackend
8	./.config/libreoffice/4/user/extensions/shared/registry/com.sun.star.comp.deployment.help.PackageRegistryBackend
8	./.config/libreoffice/4/user/extensions/shared/registry/com.sun.star.comp.deployment.configuration.PackageRegistryBackend
4	./.config/libreoffice/4/user/extensions/shared/registry/com.sun.star.comp.deployment.script.PackageRegistryBackend
4	./.config/libreoffice/4/user/extensions/shared/registry/com.sun.star.comp.deployment.bundle.PackageRegistryBackend
4	./.config/libreoffice/4/user/extensions/shared/registry/com.sun.star.comp.deployment.executable.PackageRegistryBackend
40	./.config/libreoffice/4/user/extensions/shared/registry
48	./.config/libreoffice/4/user/extensions/shared
4	./.config/libreoffice/4/user/extensions/tmp/extensions
4	./.config/libreoffice/4/user/extensions/tmp/registry/com.sun.star.comp.deployment.sfwk.PackageRegistryBackend
4	./.config/libreoffice/4/user/extensions/tmp/registry/com.sun.star.comp.deployment.component.PackageRegistryBackend
8	./.config/libreoffice/4/user/extensions/tmp/registry/com.sun.star.comp.deployment.help.PackageRegistryBackend
8	./.config/libreoffice/4/user/extensions/tmp/registry/com.sun.star.comp.deployment.configuration.PackageRegistryBackend
4	./.config/libreoffice/4/user/extensions/tmp/registry/com.sun.star.comp.deployment.script.PackageRegistryBackend
4	./.config/libreoffice/4/user/extensions/tmp/registry/com.sun.star.comp.deployment.bundle.PackageRegistryBackend
4	./.config/libreoffice/4/user/extensions/tmp/registry/com.sun.star.comp.deployment.executable.PackageRegistryBackend
40	./.config/libreoffice/4/user/extensions/tmp/registry
48	./.config/libreoffice/4/user/extensions/tmp
152	./.config/libreoffice/4/user/extensions
4	./.config/libreoffice/4/user/config/soffice.cfg/modules/scalc/images/Bitmaps
8	./.config/libreoffice/4/user/config/soffice.cfg/modules/scalc/images
4	./.config/libreoffice/4/user/config/soffice.cfg/modules/scalc/toolbar
4	./.config/libreoffice/4/user/config/soffice.cfg/modules/scalc/menubar
4	./.config/libreoffice/4/user/config/soffice.cfg/modules/scalc/statusbar
24	./.config/libreoffice/4/user/config/soffice.cfg/modules/scalc
28	./.config/libreoffice/4/user/config/soffice.cfg/modules
32	./.config/libreoffice/4/user/config/soffice.cfg
436	./.config/libreoffice/4/user/config
940	./.config/libreoffice/4/user/database/biblio
952	./.config/libreoffice/4/user/database
4	./.config/libreoffice/4/user/uno_packages/cache/uno_packages
4	./.config/libreoffice/4/user/uno_packages/cache/registry/com.sun.star.comp.deployment.sfwk.PackageRegistryBackend
4	./.config/libreoffice/4/user/uno_packages/cache/registry/com.sun.star.comp.deployment.component.PackageRegistryBackend
8	./.config/libreoffice/4/user/uno_packages/cache/registry/com.sun.star.comp.deployment.help.PackageRegistryBackend
8	./.config/libreoffice/4/user/uno_packages/cache/registry/com.sun.star.comp.deployment.configuration.PackageRegistryBackend
4	./.config/libreoffice/4/user/uno_packages/cache/registry/com.sun.star.comp.deployment.script.PackageRegistryBackend
4	./.config/libreoffice/4/user/uno_packages/cache/registry/com.sun.star.comp.deployment.bundle.PackageRegistryBackend
4	./.config/libreoffice/4/user/uno_packages/cache/registry/com.sun.star.comp.deployment.executable.PackageRegistryBackend
40	./.config/libreoffice/4/user/uno_packages/cache/registry
52	./.config/libreoffice/4/user/uno_packages/cache
56	./.config/libreoffice/4/user/uno_packages
20	./.config/libreoffice/4/user/gallery
16	./.config/libreoffice/4/user/__basic_80_err/Standard
28	./.config/libreoffice/4/user/__basic_80_err
1772	./.config/libreoffice/4/user
1776	./.config/libreoffice/4
3576	./.config/libreoffice
8	./.config/gtk-2.0
8	./.config/eog
12	./.config/gedit
8	./.config/gnome-control-center/backgrounds
12	./.config/gnome-control-center
24	./.config/dconf
8	./.config/ibus/bus
12	./.config/ibus
8	./.config/pulse
16	./.config/libaccounts-glib
8	./.config/update-notifier
4	./.config/enchant
8	./.config/software-center
20	./.config/nautilus
4	./.config/gnome-disk-utility/ata-smart-ignore
8	./.config/gnome-disk-utility
3816	./.config
28	./tuition
24	./.gnupg
80	./.cache/oneconf/077c1fc233058d0775d5683e0000000a
84	./.cache/oneconf
4	./.cache/evolution/calendar/trash
8	./.cache/evolution/calendar
4	./.cache/evolution/memos/trash
8	./.cache/evolution/memos
4	./.cache/evolution/tasks/trash
8	./.cache/evolution/tasks
4	./.cache/evolution/mail/trash
8	./.cache/evolution/mail
4	./.cache/evolution/addressbook/trash
8	./.cache/evolution/addressbook
4	./.cache/evolution/sources/trash
8	./.cache/evolution/sources
52	./.cache/evolution
72	./.cache/mozilla/firefox/0y6fzt7w.default/cache2/doomed
149748	./.cache/mozilla/firefox/0y6fzt7w.default/cache2/entries
149928	./.cache/mozilla/firefox/0y6fzt7w.default/cache2
944	./.cache/mozilla/firefox/0y6fzt7w.default/thumbnails
496	./.cache/mozilla/firefox/0y6fzt7w.default/startupCache
3960	./.cache/mozilla/firefox/0y6fzt7w.default/safebrowsing
155336	./.cache/mozilla/firefox/0y6fzt7w.default
155340	./.cache/mozilla/firefox
155344	./.cache/mozilla
8	./.cache/indicator-appmenu
8	./.cache/telepathy/logger
12	./.cache/telepathy
4	./.cache/ubuntuone/partials
92	./.cache/ubuntuone/log
100	./.cache/ubuntuone
4	./.cache/indicator/sound/album-art-cache
8	./.cache/indicator/sound
12	./.cache/indicator
4	./.cache/gvfs-burn
48	./.cache/thumbnails/fail/gnome-thumbnail-factory
52	./.cache/thumbnails/fail
356	./.cache/thumbnails/large
412	./.cache/thumbnails
484	./.cache/upstart
8	./.cache/unity-lens-video
8	./.cache/shotwell
124	./.cache/compizconfig-1
148	./.cache/sso
4	./.cache/folks/avatars
8	./.cache/folks
1356	./.cache/wallpaper
8	./.cache/indicators/messages
12	./.cache/indicators
16	./.cache/rhythmbox/album-art
20	./.cache/rhythmbox
8	./.cache/update-manager-core
532	./.cache/gstreamer-1.0
16	./.cache/fontconfig
8	./.cache/unity
4	./.cache/gnome-screenshot
8	./.cache/dconf
20	./.cache/ibus/bus
24	./.cache/ibus
8	./.cache/logrotate
20	./.cache/webkit/icondatabase
24	./.cache/webkit
6072	./.cache/software-center/software-center-agent.db
176	./.cache/software-center/download-cache
6064	./.cache/software-center/piston-helper
3872	./.cache/software-center/icons
32	./.cache/software-center/rnrclient
900	./.cache/software-center/reviews.ubuntu.com_reviews_api_1.0_review-stats-pkgnames.p__5.1.db.dbenv
4	./.cache/software-center/reviews.ubuntu.com_reviews_api_1.0_review-stats-pkgnames.p__5.3.db.dbenv
18992	./.cache/software-center
177840	./.cache
4	./Templates
4	./.shotwell/thumbs/thumbs360
4	./.shotwell/thumbs/thumbs128
12	./.shotwell/thumbs
68	./.shotwell/data
84	./.shotwell
68	./.pulse
8	./.dbus/session-bus
12	./.dbus
2112	./.mozilla/firefox/0y6fzt7w.default/sessionstore-backups
4	./.mozilla/firefox/0y6fzt7w.default/extensions
88	./.mozilla/firefox/0y6fzt7w.default/bookmarkbackups
4	./.mozilla/firefox/0y6fzt7w.default/crashes/events
12	./.mozilla/firefox/0y6fzt7w.default/crashes
8	./.mozilla/firefox/0y6fzt7w.default/healthreport
8	./.mozilla/firefox/0y6fzt7w.default/datareporting
4	./.mozilla/firefox/0y6fzt7w.default/minidumps
8	./.mozilla/firefox/0y6fzt7w.default/webapps
1016	./.mozilla/firefox/0y6fzt7w.default/gmp-gmpopenh264/1.1
1020	./.mozilla/firefox/0y6fzt7w.default/gmp-gmpopenh264
4	./.mozilla/firefox/0y6fzt7w.default/mozilla-media-cache
102644	./.mozilla/firefox/0y6fzt7w.default
4	./.mozilla/firefox/Crash Reports/events
20	./.mozilla/firefox/Crash Reports
102672	./.mozilla/firefox
4	./.mozilla/extensions
102680	./.mozilla
596	./.compiz-1/session
600	./.compiz-1
56	./.thumbnails/fail/gnome-thumbnail-factory
60	./.thumbnails/fail
376	./.thumbnails/normal
440	./.thumbnails
1264	./LA/pdfs
44	./LA/LA_Gauss
1364	./LA
44	./.compiz/session
48	./.compiz
80	./FILES
4	./.gvfs
4	./Public
619844	.
touch OS-lab2-43
tty
/dev/pts/0

who
rajan    :0           2015-01-23 19:37 (:0)
rajan    pts/0        2015-01-23 19:45 (:0)

fsck
fsck from util-linux 2.20.1
/dev/sda5 is mounted.

sudo passwd root
[sudo] password for rajan: 
Enter new UNIX password: 
Retype new UNIX password: 
passwd: password updated successfully

aspell -a
@(#) International Ispell Version 3.1.20 (but really Aspell 0.60.7-20110707)
whereis
rajan:
awk
last
rajan    pts/0        :0               Fri Jan 23 19:45   still logged in   
rajan    :0           :0               Fri Jan 23 19:37   still logged in   
reboot   system boot  3.13.0-40-generi Fri Jan 23 19:37 - 22:25  (02:47)    
rajan    :0           :0               Thu Jan 22 21:18 - down   (00:01)    
reboot   system boot  3.13.0-40-generi Thu Jan 22 21:17 - 21:19  (00:01)    
rajan    tty1                          Thu Jan 22 21:16 - down   (00:00)    
rajan    :0           :0               Thu Jan 22 21:15 - down   (00:01)    
reboot   system boot  3.13.0-40-generi Thu Jan 22 21:15 - 21:17  (00:01)    
rajan    :0           :0               Thu Jan 22 02:11 - down   (01:20)    
reboot   system boot  3.13.0-40-generi Thu Jan 22 02:08 - 03:31  (01:22)    
rajan    :0           :0               Thu Jan 22 02:03 - down   (00:04)    
reboot   system boot  3.13.0-40-generi Thu Jan 22 02:03 - 02:08  (00:04)    
rajan    :0           :0               Thu Jan 22 01:58 - down   (00:04)    
reboot   system boot  3.13.0-40-generi Thu Jan 22 01:58 - 02:02  (00:04)    
rajan    pts/4        :0               Wed Jan 21 06:02 - 06:02  (00:00)    
rajan    pts/4        :0               Wed Jan 21 06:00 - 06:01  (00:01)    
rajan    pts/7        :0               Wed Jan 21 05:55 - 05:55  (00:00)    
rajan    pts/7        :0               Wed Jan 21 05:42 - 05:44  (00:02)    
rajan    pts/7        :0               Wed Jan 21 05:33 - 05:41  (00:08)    
rajan    pts/7        :0               Wed Jan 21 05:30 - 05:31  (00:01)    
rajan    pts/7        :0               Wed Jan 21 05:28 - 05:29  (00:00)    
rajan    pts/7        :0               Wed Jan 21 05:27 - 05:28  (00:00)    
rajan    pts/4        :0               Wed Jan 21 05:22 - 06:00  (00:37)    
rajan    pts/4        :0               Wed Jan 21 05:20 - 05:22  (00:01)    
rajan    pts/7        :0               Wed Jan 21 04:56 - 05:20  (00:23)    
rajan    :0           :0               Wed Jan 21 04:56 - down   (01:06)    
reboot   system boot  3.13.0-40-generi Wed Jan 21 04:55 - 06:03  (01:07)    
guest    tty2                          Wed Jan 21 04:53 - 04:54  (00:00)    
rajan    pts/12       :0               Wed Jan 21 04:50 - down   (00:03)    
rajan    :0           :0               Wed Jan 21 04:49 - down   (00:04)    
reboot   system boot  3.13.0-40-generi Wed Jan 21 04:49 - 04:54  (00:04)    
rajan    :0           :0               Tue Jan 20 05:43 - down   (00:02)    
reboot   system boot  3.13.0-40-generi Tue Jan 20 05:43 - 05:46  (00:02)    
rajan    tty4                          Tue Jan 20 05:40 - 05:41  (00:00)    
rajan    tty3                          Tue Jan 20 05:37 - down   (00:04)    
rajan    pts/4        :0               Tue Jan 20 05:20 - down   (00:22)    
rajan    :0           :0               Tue Jan 20 05:18 - down   (00:24)    
reboot   system boot  3.13.0-40-generi Tue Jan 20 05:13 - 05:42  (00:29)    

wtmp begins Mon Jan 12 00:38:13 2015
sort

cmp
diff
dmesg
du
dv
enable
free
free -m
fsck
gzip
head
last
lsusb -tv
nodejs
ps -u rajan
rev
screen -c
sdiff
seq
sort
spell
sudo passwd root
tty
uname -m
unexpand
whereis
who
who -d
ifconfig
eth0      Link encap:Ethernet  HWaddr 10:bf:48:05:1f:aa  
          UP BROADCAST MULTICAST  MTU:1500  Metric:1
          RX packets:0 errors:0 dropped:0 overruns:0 frame:0
          TX packets:0 errors:0 dropped:0 overruns:0 carrier:0
          collisions:0 txqueuelen:1000 
          RX bytes:0 (0.0 B)  TX bytes:0 (0.0 B)

lo        Link encap:Local Loopback  
          inet addr:127.0.0.1  Mask:255.0.0.0
          inet6 addr: ::1/128 Scope:Host
          UP LOOPBACK RUNNING  MTU:65536  Metric:1
          RX packets:171 errors:0 dropped:0 overruns:0 frame:0
          TX packets:171 errors:0 dropped:0 overruns:0 carrier:0
          collisions:0 txqueuelen:0 
          RX bytes:12385 (12.3 KB)  TX bytes:12385 (12.3 KB)

wlan0     Link encap:Ethernet  HWaddr 00:08:ca:f4:21:34  
          inet addr:192.168.0.103  Bcast:192.168.0.255  Mask:255.255.255.0
          inet6 addr: fe80::208:caff:fef4:2134/64 Scope:Link
          UP BROADCAST RUNNING MULTICAST  MTU:1500  Metric:1
          RX packets:1217 errors:0 dropped:0 overruns:0 frame:0
          TX packets:87 errors:0 dropped:0 overruns:0 carrier:0
          collisions:0 txqueuelen:1000 
          RX bytes:134296 (134.2 KB)  TX bytes:14456 (14.4 KB)

ps -u rajan
  PID TTY          TIME CMD
 1838 ?        00:00:00 gnome-keyring-d
 1844 ?        00:00:00 init
 1940 ?        00:00:01 dbus-daemon
 1950 ?        00:00:00 upstart-event-b
 1954 ?        00:00:00 window-stack-br
 1975 ?        00:00:00 upstart-file-br
 1978 ?        00:00:00 upstart-dbus-br
 1979 ?        00:00:00 upstart-dbus-br
 1980 ?        00:00:03 ibus-daemon
 2001 ?        00:00:00 unity-settings-
 2005 ?        00:00:01 hud-service
 2007 ?        00:00:00 at-spi-bus-laun
 2008 ?        00:00:00 gnome-session
 2012 ?        00:00:02 unity-panel-ser
 2014 ?        00:00:00 dbus-daemon
 2018 ?        00:00:00 at-spi2-registr
 2027 ?        00:00:00 gvfsd
 2031 ?        00:00:00 gvfsd-fuse
 2034 ?        00:00:00 ibus-dconf
 2047 ?        00:00:01 ibus-ui-gtk3
 2059 ?        00:00:00 ibus-x11
 2067 ?        00:00:01 bamfdaemon
 2100 ?        00:00:00 pulseaudio
 2105 ?        00:00:01 ibus-engine-sim
 2122 ?        00:00:00 gconf-helper
 2124 ?        00:00:00 gconfd-2
 2128 ?        00:00:00 indicator-keybo
 2130 ?        00:00:00 indicator-messa
 2131 ?        00:00:00 indicator-bluet
 2133 ?        00:00:00 indicator-power
 2138 ?        00:00:00 indicator-datet
 2140 ?        00:00:00 indicator-sound
 2142 ?        00:00:00 indicator-print
 2157 ?        00:00:00 dconf-service
 2161 ?        00:00:00 indicator-sessi
 2164 ?        00:00:00 syndaemon
 2175 ?        00:00:00 indicator-appli
 2197 ?        00:00:20 compiz
 2199 ?        00:00:00 evolution-sourc
 2204 ?        00:00:00 notify-osd
 2339 ?        00:00:00 polkit-gnome-au
 2342 ?        00:00:05 nautilus
 2346 ?        00:00:00 unity-fallback-
 2349 ?        00:00:00 nm-applet
 2361 ?        00:00:00 gvfs-udisks2-vo
 2378 ?        00:00:00 goa-daemon
 2383 ?        00:00:00 evolution-calen
 2399 ?        00:00:00 gvfs-gphoto2-vo
 2404 ?        00:00:00 gvfs-mtp-volume
 2408 ?        00:00:00 gvfs-afc-volume
 2420 ?        00:00:00 mission-control
 2428 ?        00:00:00 gvfsd-burn
 2434 ?        00:00:00 gvfsd-trash
 2464 ?        00:00:00 gvfsd-metadata
 2496 ?        00:00:00 telepathy-indic
 2503 ?        00:00:00 zeitgeist-datah
 2508 ?        00:00:00 zeitgeist-daemo
 2514 ?        00:00:00 zeitgeist-fts
 2539 ?        00:00:00 cat
 2681 ?        00:00:00 update-notifier
 2801 ?        00:00:00 deja-dup-monito
 2812 ?        00:00:07 gedit
 2829 ?        00:00:03 gnome-terminal
 2836 ?        00:00:00 gnome-pty-helpe
 2837 pts/0    00:00:00 bash
 2914 pts/0    00:00:00 ps
uname -a
Linux rajan-K53SM 3.13.0-40-generic #69-Ubuntu SMP Thu Nov 13 17:53:56 UTC 2014 x86_64 x86_64 x86_64 GNU/Linux
yes
rajan
rajan
rajan
rajan
rajan
rajan
rajan
rajan
rajan
rajan
free
             total       used       free     shared    buffers     cached
Mem:       8083824    1356332    6727492     224536      56144     801456
-/+ buffers/cache:     498732    7585092
Swap:            0          0          0
init
sudo init
gzip
screen c
startx
lsusb -tv
/:  Bus 04.Port 1: Dev 1, Class=root_hub, Driver=xhci_hcd/2p, 5000M
/:  Bus 03.Port 1: Dev 1, Class=root_hub, Driver=xhci_hcd/2p, 480M
/:  Bus 02.Port 1: Dev 1, Class=root_hub, Driver=ehci-pci/2p, 480M
    |__ Port 1: Dev 2, If 0, Class=Hub, Driver=hub/6p, 480M
/:  Bus 01.Port 1: Dev 1, Class=root_hub, Driver=ehci-pci/2p, 480M
    |__ Port 1: Dev 2, If 0, Class=Hub, Driver=hub/6p, 480M
        |__ Port 1: Dev 6, If 0, Class=Wireless, Driver=btusb, 12M
        |__ Port 1: Dev 6, If 1, Class=Wireless, Driver=btusb, 12M
        |__ Port 2: Dev 4, If 0, Class=Video, Driver=uvcvideo, 480M
        |__ Port 2: Dev 4, If 1, Class=Video, Driver=uvcvideo, 480M
        |__ Port 4: Dev 5, If 0, Class=Vendor Specific Class, Driver=rts5139, 480M
dmesg
[    0.000000] Initializing cgroup subsys cpuset
[    0.000000] Initializing cgroup subsys cpu
[    0.000000] Initializing cgroup subsys cpuacct
[    0.000000] Linux version 3.13.0-40-generic (buildd@comet) (gcc version 4.8.2 (Ubuntu 4.8.2-19ubuntu1) ) #69-Ubuntu SMP Thu Nov 13 17:53:56 UTC 2014 (Ubuntu 3.13.0-40.69-generic 3.13.11.10)
[    0.000000] Command line: BOOT_IMAGE=/boot/vmlinuz-3.13.0-40-generic root=UUID=e128cf28-f5eb-473f-ae21-a8d365b2c603 ro quiet splash vt.handoff=7
[    0.000000] KERNEL supported cpus:
[    0.000000]   Intel GenuineIntel
[    0.000000]   AMD AuthenticAMD
[    0.000000]   Centaur CentaurHauls
[    0.000000] e820: BIOS-provided physical RAM map:
[    0.000000] BIOS-e820: [mem 0x0000000000000000-0x000000000009e7ff] usable
[    0.000000] BIOS-e820: [mem 0x000000000009e800-0x000000000009ffff] reserved
[    0.000000] BIOS-e820: [mem 0x00000000000e0000-0x00000000000fffff] reserved
[    0.000000] BIOS-e820: [mem 0x0000000000100000-0x000000001fffffff] usable
[    0.000000] BIOS-e820: [mem 0x0000000020000000-0x00000000201fffff] reserved
[    0.000000] BIOS-e820: [mem 0x0000000020200000-0x000000003fffffff] usable
[    0.000000] BIOS-e820: [mem 0x0000000040000000-0x00000000401fffff] reserved
[    0.000000] BIOS-e820: [mem 0x0000000040200000-0x00000000aabccfff] usable
[    0.000000] BIOS-e820: [mem 0x00000000aabcd000-0x00000000aacf3fff] reserved
[    0.000000] BIOS-e820: [mem 0x00000000aacf4000-0x00000000aacf5fff] usable
[    0.000000] BIOS-e820: [mem 0x00000000aacf6000-0x00000000aade7fff] reserved
[    0.000000] BIOS-e820: [mem 0x00000000aade8000-0x00000000aaf17fff] usable
[    0.000000] BIOS-e820: [mem 0x00000000aaf18000-0x00000000aafe7fff] ACPI NVS
[    0.000000] BIOS-e820: [mem 0x00000000aafe8000-0x00000000aaffcfff] usable
[    0.000000] BIOS-e820: [mem 0x00000000aaffd000-0x00000000aaffffff] ACPI data
[    0.000000] BIOS-e820: [mem 0x00000000ab000000-0x00000000af9fffff] reserved
[    0.000000] BIOS-e820: [mem 0x00000000e0000000-0x00000000e3ffffff] reserved
[    0.000000] BIOS-e820: [mem 0x00000000fec00000-0x00000000fec00fff] reserved
[    0.000000] BIOS-e820: [mem 0x00000000fed10000-0x00000000fed13fff] reserved
[    0.000000] BIOS-e820: [mem 0x00000000fed18000-0x00000000fed19fff] reserved
[    0.000000] BIOS-e820: [mem 0x00000000fed1c000-0x00000000fed1ffff] reserved
[    0.000000] BIOS-e820: [mem 0x00000000fee00000-0x00000000fee00fff] reserved
[    0.000000] BIOS-e820: [mem 0x00000000ff980000-0x00000000ffbfffff] reserved
[    0.000000] BIOS-e820: [mem 0x00000000ffd80000-0x00000000ffffffff] reserved
[    0.000000] BIOS-e820: [mem 0x0000000100000000-0x000000024fdfffff] usable
[    0.000000] NX (Execute Disable) protection: active
[    0.000000] SMBIOS 2.7 present.
[    0.000000] DMI: ASUSTeK Computer Inc. K53SM/K53SM, BIOS K53SM.211 03/06/2012
[    0.000000] e820: update [mem 0x00000000-0x00000fff] usable ==> reserved
[    0.000000] e820: remove [mem 0x000a0000-0x000fffff] usable
[    0.000000] No AGP bridge found
[    0.000000] e820: last_pfn = 0x24fe00 max_arch_pfn = 0x400000000
[    0.000000] MTRR default type: uncachable
[    0.000000] MTRR fixed ranges enabled:
[    0.000000]   00000-9FFFF write-back
[    0.000000]   A0000-BFFFF uncachable
[    0.000000]   C0000-CFFFF write-protect
[    0.000000]   D0000-E7FFF uncachable
[    0.000000]   E8000-FFFFF write-protect
[    0.000000] MTRR variable ranges enabled:
[    0.000000]   0 base 000000000 mask F80000000 write-back
[    0.000000]   1 base 080000000 mask FE0000000 write-back
[    0.000000]   2 base 0A0000000 mask FF8000000 write-back
[    0.000000]   3 base 0A8000000 mask FFC000000 write-back
[    0.000000]   4 base 0AB000000 mask FFF000000 uncachable
[    0.000000]   5 base 100000000 mask F00000000 write-back
[    0.000000]   6 base 200000000 mask FC0000000 write-back
[    0.000000]   7 base 240000000 mask FF0000000 write-back
[    0.000000]   8 base 24FE00000 mask FFFE00000 uncachable
[    0.000000]   9 disabled
[    0.000000] x86 PAT enabled: cpu 0, old 0x7040600070406, new 0x7010600070106
[    0.000000] original variable MTRRs
[    0.000000] reg 0, base: 0GB, range: 2GB, type WB
[    0.000000] reg 1, base: 2GB, range: 512MB, type WB
[    0.000000] reg 2, base: 2560MB, range: 128MB, type WB
[    0.000000] reg 3, base: 2688MB, range: 64MB, type WB
[    0.000000] reg 4, base: 2736MB, range: 16MB, type UC
[    0.000000] reg 5, base: 4GB, range: 4GB, type WB
[    0.000000] reg 6, base: 8GB, range: 1GB, type WB
[    0.000000] reg 7, base: 9GB, range: 256MB, type WB
[    0.000000] reg 8, base: 9470MB, range: 2MB, type UC
[    0.000000] total RAM covered: 8110M
[    0.000000] Found optimal setting for mtrr clean up
[    0.000000]  gran_size: 64K 	chunk_size: 4M 	num_reg: 9  	lose cover RAM: 0G
[    0.000000] New variable MTRRs
[    0.000000] reg 0, base: 0GB, range: 2GB, type WB
[    0.000000] reg 1, base: 2GB, range: 512MB, type WB
[    0.000000] reg 2, base: 2560MB, range: 128MB, type WB
[    0.000000] reg 3, base: 2688MB, range: 32MB, type WB
[    0.000000] reg 4, base: 2720MB, range: 16MB, type WB
[    0.000000] reg 5, base: 4GB, range: 4GB, type WB
[    0.000000] reg 6, base: 8GB, range: 1GB, type WB
[    0.000000] reg 7, base: 9GB, range: 256MB, type WB
[    0.000000] reg 8, base: 9470MB, range: 2MB, type UC
[    0.000000] e820: update [mem 0xab000000-0xffffffff] usable ==> reserved
[    0.000000] e820: last_pfn = 0xaaffd max_arch_pfn = 0x400000000
[    0.000000] found SMP MP-table at [mem 0x000fcc70-0x000fcc7f] mapped at [ffff8800000fcc70]
[    0.000000] Scanning 1 areas for low memory corruption
[    0.000000] Base memory trampoline at [ffff880000098000] 98000 size 24576
[    0.000000] reserving inaccessible SNB gfx pages
[    0.000000] init_memory_mapping: [mem 0x00000000-0x000fffff]
[    0.000000]  [mem 0x00000000-0x000fffff] page 4k
[    0.000000] BRK [0x01fe1000, 0x01fe1fff] PGTABLE
[    0.000000] BRK [0x01fe2000, 0x01fe2fff] PGTABLE
[    0.000000] BRK [0x01fe3000, 0x01fe3fff] PGTABLE
[    0.000000] init_memory_mapping: [mem 0x24fc00000-0x24fdfffff]
[    0.000000]  [mem 0x24fc00000-0x24fdfffff] page 2M
[    0.000000] BRK [0x01fe4000, 0x01fe4fff] PGTABLE
[    0.000000] init_memory_mapping: [mem 0x24c000000-0x24fbfffff]
[    0.000000]  [mem 0x24c000000-0x24fbfffff] page 2M
[    0.000000] init_memory_mapping: [mem 0x200000000-0x24bffffff]
[    0.000000]  [mem 0x200000000-0x24bffffff] page 2M
[    0.000000] BRK [0x01fe5000, 0x01fe5fff] PGTABLE
[    0.000000] init_memory_mapping: [mem 0x00100000-0x1fffffff]
[    0.000000]  [mem 0x00100000-0x001fffff] page 4k
[    0.000000]  [mem 0x00200000-0x1fffffff] page 2M
[    0.000000] init_memory_mapping: [mem 0x20200000-0x3fffffff]
[    0.000000]  [mem 0x20200000-0x3fffffff] page 2M
[    0.000000] init_memory_mapping: [mem 0x40200000-0xaabccfff]
[    0.000000]  [mem 0x40200000-0xaa9fffff] page 2M
[    0.000000]  [mem 0xaaa00000-0xaabccfff] page 4k
[    0.000000] BRK [0x01fe6000, 0x01fe6fff] PGTABLE
[    0.000000] init_memory_mapping: [mem 0xaacf4000-0xaacf5fff]
[    0.000000]  [mem 0xaacf4000-0xaacf5fff] page 4k
[    0.000000] init_memory_mapping: [mem 0xaade8000-0xaaf17fff]
[    0.000000]  [mem 0xaade8000-0xaaf17fff] page 4k
[    0.000000] init_memory_mapping: [mem 0xaafe8000-0xaaffcfff]
[    0.000000]  [mem 0xaafe8000-0xaaffcfff] page 4k
[    0.000000] init_memory_mapping: [mem 0x100000000-0x1ffffffff]
[    0.000000]  [mem 0x100000000-0x1ffffffff] page 2M
[    0.000000] RAMDISK: [mem 0x35b4e000-0x36d9efff]
[    0.000000] ACPI: RSDP 00000000000f0430 000024 (v02 _ASUS_)
[    0.000000] ACPI: XSDT 00000000aaffee18 000064 (v01 _ASUS_ NoteBook 06222004 MSFT 00010013)
[    0.000000] ACPI: FACP 00000000aaf9bd98 0000F4 (v04 _ASUS_ NoteBook 06222004 MSFT 00010013)
[    0.000000] ACPI Warning: 32/64 FACS address mismatch in FADT - two FACS tables! (20131115/tbfadt-395)
[    0.000000] ACPI BIOS Warning (bug): 32/64X FACS address mismatch in FADT - 0xAAFE5E40/0x00000000AAFE5D40, using 32 (20131115/tbfadt-522)
[    0.000000] ACPI: DSDT 00000000aaf7c018 00DCAC (v01 _ASUS_ NoteBook 00000000 INTL 20091112)
[    0.000000] ACPI: FACS 00000000aafe5e40 000040
[    0.000000] ACPI: APIC 00000000aaffdf18 0000CC (v02 _ASUS_ NoteBook 06222004 MSFT 00010013)
[    0.000000] ACPI: HPET 00000000aafe6d18 000038 (v01 _ASUS_ NoteBook 06222004 AMI. 00000003)
[    0.000000] ACPI: ECDT 00000000aafe5b18 0000C1 (v01 _ASUS_ NoteBook 06222004 AMI  00000000)
[    0.000000] ACPI: MCFG 00000000aafe6c98 00003C (v01 _ASUS_ NoteBook 06222004 MSFT 00000097)
[    0.000000] ACPI: SSDT 00000000aaf7b018 000967 (v01  PmRef  Cpu0Ist 00003000 INTL 20091112)
[    0.000000] ACPI: SSDT 00000000aaf7a018 000996 (v01  PmRef    CpuPm 00003000 INTL 20091112)
[    0.000000] ACPI: SSDT 00000000aaf5da98 0002EF (v01 SataRe SataTabl 00001000 INTL 20091112)
[    0.000000] ACPI: Local APIC address 0xfee00000
[    0.000000] No NUMA configuration found
[    0.000000] Faking a node at [mem 0x0000000000000000-0x000000024fdfffff]
[    0.000000] Initmem setup node 0 [mem 0x00000000-0x24fdfffff]
[    0.000000]   NODE_DATA [mem 0x24fdf3000-0x24fdf7fff]
[    0.000000]  [ffffea0000000000-ffffea00093fffff] PMD -> [ffff880247400000-ffff88024f3fffff] on node 0
[    0.000000] Zone ranges:
[    0.000000]   DMA      [mem 0x00001000-0x00ffffff]
[    0.000000]   DMA32    [mem 0x01000000-0xffffffff]
[    0.000000]   Normal   [mem 0x100000000-0x24fdfffff]
[    0.000000] Movable zone start for each node
[    0.000000] Early memory node ranges
[    0.000000]   node   0: [mem 0x00001000-0x0009dfff]
[    0.000000]   node   0: [mem 0x00100000-0x1fffffff]
[    0.000000]   node   0: [mem 0x20200000-0x3fffffff]
[    0.000000]   node   0: [mem 0x40200000-0xaabccfff]
[    0.000000]   node   0: [mem 0xaacf4000-0xaacf5fff]
[    0.000000]   node   0: [mem 0xaade8000-0xaaf17fff]
[    0.000000]   node   0: [mem 0xaafe8000-0xaaffcfff]
[    0.000000]   node   0: [mem 0x100000000-0x24fdfffff]
[    0.000000] On node 0 totalpages: 2074289
[    0.000000]   DMA zone: 64 pages used for memmap
[    0.000000]   DMA zone: 157 pages reserved
[    0.000000]   DMA zone: 3997 pages, LIFO batch:0
[    0.000000]   DMA32 zone: 10853 pages used for memmap
[    0.000000]   DMA32 zone: 694548 pages, LIFO batch:31
[    0.000000]   Normal zone: 21496 pages used for memmap
[    0.000000]   Normal zone: 1375744 pages, LIFO batch:31
[    0.000000] ACPI: PM-Timer IO Port: 0x408
[    0.000000] ACPI: Local APIC address 0xfee00000
[    0.000000] ACPI: LAPIC (acpi_id[0x01] lapic_id[0x00] enabled)
[    0.000000] ACPI: LAPIC (acpi_id[0x02] lapic_id[0x02] enabled)
[    0.000000] ACPI: LAPIC (acpi_id[0x03] lapic_id[0x04] enabled)
[    0.000000] ACPI: LAPIC (acpi_id[0x04] lapic_id[0x06] enabled)
[    0.000000] ACPI: LAPIC (acpi_id[0x05] lapic_id[0x01] enabled)
[    0.000000] ACPI: LAPIC (acpi_id[0x06] lapic_id[0x03] enabled)
[    0.000000] ACPI: LAPIC (acpi_id[0x07] lapic_id[0x05] enabled)
[    0.000000] ACPI: LAPIC (acpi_id[0x08] lapic_id[0x07] enabled)
[    0.000000] ACPI: LAPIC (acpi_id[0x09] lapic_id[0x08] disabled)
[    0.000000] ACPI: LAPIC (acpi_id[0x0a] lapic_id[0x09] disabled)
[    0.000000] ACPI: LAPIC (acpi_id[0x0b] lapic_id[0x0a] disabled)
[    0.000000] ACPI: LAPIC (acpi_id[0x0c] lapic_id[0x0b] disabled)
[    0.000000] ACPI: LAPIC (acpi_id[0x0d] lapic_id[0x0c] disabled)
[    0.000000] ACPI: LAPIC (acpi_id[0x0e] lapic_id[0x0d] disabled)
[    0.000000] ACPI: LAPIC (acpi_id[0x0f] lapic_id[0x0e] disabled)
[    0.000000] ACPI: LAPIC (acpi_id[0x10] lapic_id[0x0f] disabled)
[    0.000000] ACPI: IOAPIC (id[0x02] address[0xfec00000] gsi_base[0])
[    0.000000] IOAPIC[0]: apic_id 2, version 32, address 0xfec00000, GSI 0-23
[    0.000000] ACPI: INT_SRC_OVR (bus 0 bus_irq 0 global_irq 2 dfl dfl)
[    0.000000] ACPI: INT_SRC_OVR (bus 0 bus_irq 9 global_irq 9 high level)
[    0.000000] ACPI: IRQ0 used by override.
[    0.000000] ACPI: IRQ2 used by override.
[    0.000000] ACPI: IRQ9 used by override.
[    0.000000] Using ACPI (MADT) for SMP configuration information
[    0.000000] ACPI: HPET id: 0x8086a701 base: 0xfed00000
[    0.000000] smpboot: Allowing 16 CPUs, 8 hotplug CPUs
[    0.000000] nr_irqs_gsi: 40
[    0.000000] PM: Registered nosave memory: [mem 0x0009e000-0x0009efff]
[    0.000000] PM: Registered nosave memory: [mem 0x0009f000-0x0009ffff]
[    0.000000] PM: Registered nosave memory: [mem 0x000a0000-0x000dffff]
[    0.000000] PM: Registered nosave memory: [mem 0x000e0000-0x000fffff]
[    0.000000] PM: Registered nosave memory: [mem 0x20000000-0x201fffff]
[    0.000000] PM: Registered nosave memory: [mem 0x40000000-0x401fffff]
[    0.000000] PM: Registered nosave memory: [mem 0xaabcd000-0xaacf3fff]
[    0.000000] PM: Registered nosave memory: [mem 0xaacf6000-0xaade7fff]
[    0.000000] PM: Registered nosave memory: [mem 0xaaf18000-0xaafe7fff]
[    0.000000] PM: Registered nosave memory: [mem 0xaaffd000-0xaaffffff]
[    0.000000] PM: Registered nosave memory: [mem 0xab000000-0xaf9fffff]
[    0.000000] PM: Registered nosave memory: [mem 0xafa00000-0xdfffffff]
[    0.000000] PM: Registered nosave memory: [mem 0xe0000000-0xe3ffffff]
[    0.000000] PM: Registered nosave memory: [mem 0xe4000000-0xfebfffff]
[    0.000000] PM: Registered nosave memory: [mem 0xfec00000-0xfec00fff]
[    0.000000] PM: Registered nosave memory: [mem 0xfec01000-0xfed0ffff]
[    0.000000] PM: Registered nosave memory: [mem 0xfed10000-0xfed13fff]
[    0.000000] PM: Registered nosave memory: [mem 0xfed14000-0xfed17fff]
[    0.000000] PM: Registered nosave memory: [mem 0xfed18000-0xfed19fff]
[    0.000000] PM: Registered nosave memory: [mem 0xfed1a000-0xfed1bfff]
[    0.000000] PM: Registered nosave memory: [mem 0xfed1c000-0xfed1ffff]
[    0.000000] PM: Registered nosave memory: [mem 0xfed20000-0xfedfffff]
[    0.000000] PM: Registered nosave memory: [mem 0xfee00000-0xfee00fff]
[    0.000000] PM: Registered nosave memory: [mem 0xfee01000-0xff97ffff]
[    0.000000] PM: Registered nosave memory: [mem 0xff980000-0xffbfffff]
[    0.000000] PM: Registered nosave memory: [mem 0xffc00000-0xffd7ffff]
[    0.000000] PM: Registered nosave memory: [mem 0xffd80000-0xffffffff]
[    0.000000] e820: [mem 0xafa00000-0xdfffffff] available for PCI devices
[    0.000000] Booting paravirtualized kernel on bare hardware
[    0.000000] setup_percpu: NR_CPUS:256 nr_cpumask_bits:256 nr_cpu_ids:16 nr_node_ids:1
[    0.000000] PERCPU: Embedded 29 pages/cpu @ffff88024fa00000 s86400 r8192 d24192 u131072
[    0.000000] pcpu-alloc: s86400 r8192 d24192 u131072 alloc=1*2097152
[    0.000000] pcpu-alloc: [0] 00 01 02 03 04 05 06 07 08 09 10 11 12 13 14 15 
[    0.000000] Built 1 zonelists in Zone order, mobility grouping on.  Total pages: 2041719
[    0.000000] Policy zone: Normal
[    0.000000] Kernel command line: BOOT_IMAGE=/boot/vmlinuz-3.13.0-40-generic root=UUID=e128cf28-f5eb-473f-ae21-a8d365b2c603 ro quiet splash vt.handoff=7
[    0.000000] PID hash table entries: 4096 (order: 3, 32768 bytes)
[    0.000000] xsave: enabled xstate_bv 0x7, cntxt size 0x340
[    0.000000] Checking aperture...
[    0.000000] No AGP bridge found
[    0.000000] Calgary: detecting Calgary via BIOS EBDA area
[    0.000000] Calgary: Unable to locate Rio Grande table in EBDA - bailing!
[    0.000000] Memory: 8062204K/8297156K available (7376K kernel code, 1144K rwdata, 3404K rodata, 1336K init, 1444K bss, 234952K reserved)
[    0.000000] SLUB: HWalign=64, Order=0-3, MinObjects=0, CPUs=16, Nodes=1
[    0.000000] Hierarchical RCU implementation.
[    0.000000] 	RCU dyntick-idle grace-period acceleration is enabled.
[    0.000000] 	RCU restricting CPUs from NR_CPUS=256 to nr_cpu_ids=16.
[    0.000000] 	Offload RCU callbacks from all CPUs
[    0.000000] 	Offload RCU callbacks from CPUs: 0-15.
[    0.000000] NR_IRQS:16640 nr_irqs:808 16
[    0.000000] Console: colour dummy device 80x25
[    0.000000] console [tty0] enabled
[    0.000000] allocated 33554432 bytes of page_cgroup
[    0.000000] please try 'cgroup_disable=memory' option if you don't want memory cgroups
[    0.000000] hpet clockevent registered
[    0.000000] tsc: Fast TSC calibration failed
[    0.008000] tsc: PIT calibration matches HPET. 1 loops
[    0.008000] tsc: Detected 2194.672 MHz processor
[    0.000008] Calibrating delay loop (skipped), value calculated using timer frequency.. 4389.34 BogoMIPS (lpj=8778688)
[    0.000015] pid_max: default: 32768 minimum: 301
[    0.000094] Security Framework initialized
[    0.000140] AppArmor: AppArmor initialized
[    0.000144] Yama: becoming mindful.
[    0.001800] Dentry cache hash table entries: 1048576 (order: 11, 8388608 bytes)
[    0.006974] Inode-cache hash table entries: 524288 (order: 10, 4194304 bytes)
[    0.009281] Mount-cache hash table entries: 16384 (order: 5, 131072 bytes)
[    0.009311] Mountpoint-cache hash table entries: 16384 (order: 5, 131072 bytes)
[    0.009865] Initializing cgroup subsys memory
[    0.009879] Initializing cgroup subsys devices
[    0.009883] Initializing cgroup subsys freezer
[    0.009887] Initializing cgroup subsys blkio
[    0.009890] Initializing cgroup subsys perf_event
[    0.009897] Initializing cgroup subsys hugetlb
[    0.009951] CPU: Physical Processor ID: 0
[    0.009953] CPU: Processor Core ID: 0
[    0.009966] ENERGY_PERF_BIAS: Set to 'normal', was 'performance'
[    0.009966] ENERGY_PERF_BIAS: View and update with x86_energy_perf_policy(8)
[    0.009973] mce: CPU supports 9 MCE banks
[    0.010007] CPU0: Thermal monitoring enabled (TM1)
[    0.010037] Last level iTLB entries: 4KB 512, 2MB 0, 4MB 0
[    0.010037] Last level dTLB entries: 4KB 512, 2MB 32, 4MB 32
[    0.010037] tlb_flushall_shift: 5
[    0.010380] Freeing SMP alternatives memory: 32K (ffffffff81e6e000 - ffffffff81e76000)
[    0.014715] ACPI: Core revision 20131115
[    0.033988] ACPI: All ACPI Tables successfully acquired
[    0.045669] ftrace: allocating 28542 entries in 112 pages
[    0.088333] Switched APIC routing to physical flat.
[    0.088790] ..TIMER: vector=0x30 apic1=0 pin1=2 apic2=-1 pin2=-1
[    0.128517] smpboot: CPU0: Intel(R) Core(TM) i7-2670QM CPU @ 2.20GHz (fam: 06, model: 2a, stepping: 07)
[    0.128534] TSC deadline timer enabled
[    0.128561] Performance Events: PEBS fmt1+, 16-deep LBR, SandyBridge events, full-width counters, Intel PMU driver.
[    0.128577] perf_event_intel: PEBS disabled due to CPU errata, please upgrade microcode
[    0.128583] ... version:                3
[    0.128586] ... bit width:              48
[    0.128589] ... generic registers:      4
[    0.128592] ... value mask:             0000ffffffffffff
[    0.128596] ... max period:             0000ffffffffffff
[    0.128598] ... fixed-purpose events:   3
[    0.128601] ... event mask:             000000070000000f
[    0.133571] x86: Booting SMP configuration:
[    0.157404] NMI watchdog: enabled on all CPUs, permanently consumes one hw-PMU counter.
[    0.133577] .... node  #0, CPUs:        #1  #2  #3  #4  #5  #6  #7
[    0.259669] x86: Booted up 1 node, 8 CPUs
[    0.259679] smpboot: Total of 8 processors activated (35114.75 BogoMIPS)
[    0.279944] devtmpfs: initialized
[    0.288727] EVM: security.selinux
[    0.288731] EVM: security.SMACK64
[    0.288734] EVM: security.ima
[    0.288737] EVM: security.capability
[    0.288856] PM: Registering ACPI NVS region [mem 0xaaf18000-0xaafe7fff] (851968 bytes)
[    0.291345] pinctrl core: initialized pinctrl subsystem
[    0.291504] regulator-dummy: no parameters
[    0.291557] RTC time: 23:02:43, date: 01/23/15
[    0.291652] NET: Registered protocol family 16
[    0.291928] cpuidle: using governor ladder
[    0.291932] cpuidle: using governor menu
[    0.292030] ACPI FADT declares the system doesn't support PCIe ASPM, so disable it
[    0.292034] ACPI: bus type PCI registered
[    0.292039] acpiphp: ACPI Hot Plug PCI Controller Driver version: 0.5
[    0.292204] PCI: MMCONFIG for domain 0000 [bus 00-3f] at [mem 0xe0000000-0xe3ffffff] (base 0xe0000000)
[    0.292211] PCI: MMCONFIG at [mem 0xe0000000-0xe3ffffff] reserved in E820
[    0.312405] PCI: Using configuration type 1 for base access
[    0.315160] bio: create slab <bio-0> at 0
[    0.315619] ACPI: Added _OSI(Module Device)
[    0.315624] ACPI: Added _OSI(Processor Device)
[    0.315628] ACPI: Added _OSI(3.0 _SCP Extensions)
[    0.315631] ACPI: Added _OSI(Processor Aggregator Device)
[    0.320329] ACPI : EC: EC description table is found, configuring boot EC
[    0.325346] ACPI: Executed 1 blocks of module-level executable AML code
[    0.335477] [Firmware Bug]: ACPI: BIOS _OSI(Linux) query ignored
[    0.400325] ACPI: SSDT 00000000aadbc718 000694 (v01  PmRef  Cpu0Cst 00003001 INTL 20091112)
[    0.401522] ACPI: Dynamic OEM Table Load:
[    0.401529] ACPI: SSDT           (null) 000694 (v01  PmRef  Cpu0Cst 00003001 INTL 20091112)
[    0.404031] ACPI: SSDT 00000000aadbda98 000303 (v01  PmRef    ApIst 00003000 INTL 20091112)
[    0.405294] ACPI: Dynamic OEM Table Load:
[    0.405299] ACPI: SSDT           (null) 000303 (v01  PmRef    ApIst 00003000 INTL 20091112)
[    0.407677] ACPI: SSDT 00000000aadbbd98 000119 (v01  PmRef    ApCst 00003000 INTL 20091112)
[    0.408856] ACPI: Dynamic OEM Table Load:
[    0.408862] ACPI: SSDT           (null) 000119 (v01  PmRef    ApCst 00003000 INTL 20091112)
[    0.415880] ACPI: Interpreter enabled
[    0.415910] ACPI Exception: AE_NOT_FOUND, While evaluating Sleep State [\_S2_] (20131115/hwxface-580)
[    0.415948] ACPI: (supports S0 S1 S3 S4 S5)
[    0.415953] ACPI: Using IOAPIC for interrupt routing
[    0.416029] PCI: Using host bridge windows from ACPI; if necessary, use "pci=nocrs" and report a bug
[    0.416532] ACPI: No dock devices found.
[    0.615705] ACPI: PCI Root Bridge [PCI0] (domain 0000 [bus 00-3e])
[    0.615722] acpi PNP0A08:00: _OSC: OS supports [ExtendedConfig ASPM ClockPM Segments MSI]
[    0.615831] \_SB_.PCI0:_OSC invalid UUID
[    0.615835] _OSC request data:1 1f 0 
[    0.615846] acpi PNP0A08:00: _OSC failed (AE_ERROR); disabling ASPM
[    0.617661] PCI host bridge to bus 0000:00
[    0.617670] pci_bus 0000:00: root bus resource [bus 00-3e]
[    0.617675] pci_bus 0000:00: root bus resource [io  0x0000-0x0cf7]
[    0.617681] pci_bus 0000:00: root bus resource [io  0x0d00-0xffff]
[    0.617686] pci_bus 0000:00: root bus resource [mem 0x000a0000-0x000bffff]
[    0.617691] pci_bus 0000:00: root bus resource [mem 0x000d0000-0x000d3fff]
[    0.617696] pci_bus 0000:00: root bus resource [mem 0x000d4000-0x000d7fff]
[    0.617701] pci_bus 0000:00: root bus resource [mem 0x000d8000-0x000dbfff]
[    0.617706] pci_bus 0000:00: root bus resource [mem 0x000dc000-0x000dffff]
[    0.617711] pci_bus 0000:00: root bus resource [mem 0x000e0000-0x000e3fff]
[    0.617715] pci_bus 0000:00: root bus resource [mem 0x000e4000-0x000e7fff]
[    0.617720] pci_bus 0000:00: root bus resource [mem 0xafa00000-0xfeafffff]
[    0.617725] pci_bus 0000:00: root bus resource [mem 0xfed40000-0xfed44fff]
[    0.617746] pci 0000:00:00.0: [8086:0104] type 00 class 0x060000
[    0.617994] pci 0000:00:01.0: [8086:0101] type 01 class 0x060400
[    0.618078] pci 0000:00:01.0: PME# supported from D0 D3hot D3cold
[    0.618215] pci 0000:00:01.0: System wakeup disabled by ACPI
[    0.618303] pci 0000:00:02.0: [8086:0116] type 00 class 0x030000
[    0.618333] pci 0000:00:02.0: reg 0x10: [mem 0xdc400000-0xdc7fffff 64bit]
[    0.618350] pci 0000:00:02.0: reg 0x18: [mem 0xb0000000-0xbfffffff 64bit pref]
[    0.618362] pci 0000:00:02.0: reg 0x20: [io  0xe000-0xe03f]
[    0.618649] pci 0000:00:16.0: [8086:1c3a] type 00 class 0x078000
[    0.618700] pci 0000:00:16.0: reg 0x10: [mem 0xdf00a000-0xdf00a00f 64bit]
[    0.618858] pci 0000:00:16.0: PME# supported from D0 D3hot D3cold
[    0.619088] pci 0000:00:1a.0: [8086:1c2d] type 00 class 0x0c0320
[    0.619134] pci 0000:00:1a.0: reg 0x10: [mem 0xdf008000-0xdf0083ff]
[    0.619324] pci 0000:00:1a.0: PME# supported from D0 D3hot D3cold
[    0.619499] pci 0000:00:1a.0: System wakeup disabled by ACPI
[    0.619587] pci 0000:00:1b.0: [8086:1c20] type 00 class 0x040300
[    0.619626] pci 0000:00:1b.0: reg 0x10: [mem 0xdf000000-0xdf003fff 64bit]
[    0.619794] pci 0000:00:1b.0: PME# supported from D0 D3hot D3cold
[    0.620017] pci 0000:00:1c.0: [8086:1c10] type 01 class 0x060400
[    0.620194] pci 0000:00:1c.0: PME# supported from D0 D3hot D3cold
[    0.620410] pci 0000:00:1c.1: [8086:1c12] type 01 class 0x060400
[    0.620587] pci 0000:00:1c.1: PME# supported from D0 D3hot D3cold
[    0.620804] pci 0000:00:1c.3: [8086:1c16] type 01 class 0x060400
[    0.620982] pci 0000:00:1c.3: PME# supported from D0 D3hot D3cold
[    0.621194] pci 0000:00:1c.5: [8086:1c1a] type 01 class 0x060400
[    0.621371] pci 0000:00:1c.5: PME# supported from D0 D3hot D3cold
[    0.621593] pci 0000:00:1d.0: [8086:1c26] type 00 class 0x0c0320
[    0.621638] pci 0000:00:1d.0: reg 0x10: [mem 0xdf007000-0xdf0073ff]
[    0.621828] pci 0000:00:1d.0: PME# supported from D0 D3hot D3cold
[    0.622000] pci 0000:00:1d.0: System wakeup disabled by ACPI
[    0.622085] pci 0000:00:1f.0: [8086:1c49] type 00 class 0x060100
[    0.622475] pci 0000:00:1f.2: [8086:1c03] type 00 class 0x010601
[    0.622524] pci 0000:00:1f.2: reg 0x10: [io  0xe0b0-0xe0b7]
[    0.622545] pci 0000:00:1f.2: reg 0x14: [io  0xe0a0-0xe0a3]
[    0.622566] pci 0000:00:1f.2: reg 0x18: [io  0xe090-0xe097]
[    0.622586] pci 0000:00:1f.2: reg 0x1c: [io  0xe080-0xe083]
[    0.622607] pci 0000:00:1f.2: reg 0x20: [io  0xe060-0xe07f]
[    0.622629] pci 0000:00:1f.2: reg 0x24: [mem 0xdf006000-0xdf0067ff]
[    0.622751] pci 0000:00:1f.2: PME# supported from D3hot
[    0.622951] pci 0000:00:1f.3: [8086:1c22] type 00 class 0x0c0500
[    0.622990] pci 0000:00:1f.3: reg 0x10: [mem 0xdf005000-0xdf0050ff 64bit]
[    0.623042] pci 0000:00:1f.3: reg 0x20: [io  0xe040-0xe05f]
[    0.623391] pci 0000:01:00.0: [10de:0de9] type 00 class 0x030000
[    0.623408] pci 0000:01:00.0: reg 0x10: [mem 0xdb000000-0xdbffffff]
[    0.623425] pci 0000:01:00.0: reg 0x14: [mem 0xc0000000-0xcfffffff 64bit pref]
[    0.623442] pci 0000:01:00.0: reg 0x1c: [mem 0xd0000000-0xd1ffffff 64bit pref]
[    0.623453] pci 0000:01:00.0: reg 0x24: [io  0xd000-0xd07f]
[    0.623466] pci 0000:01:00.0: reg 0x30: [mem 0xdc000000-0xdc07ffff pref]
[    0.623563] pci 0000:01:00.0: System wakeup disabled by ACPI
[    0.627858] pci 0000:00:01.0: PCI bridge to [bus 01]
[    0.627866] pci 0000:00:01.0:   bridge window [io  0xd000-0xdfff]
[    0.627873] pci 0000:00:01.0:   bridge window [mem 0xdb000000-0xdc0fffff]
[    0.627883] pci 0000:00:01.0:   bridge window [mem 0xc0000000-0xd1ffffff 64bit pref]
[    0.628032] pci 0000:00:1c.0: PCI bridge to [bus 02]
[    0.628042] pci 0000:00:1c.0:   bridge window [io  0xc000-0xcfff]
[    0.628052] pci 0000:00:1c.0:   bridge window [mem 0xde600000-0xdeffffff]
[    0.628066] pci 0000:00:1c.0:   bridge window [mem 0xd4200000-0xd4bfffff 64bit pref]
[    0.628247] pci 0000:03:00.0: [168c:002b] type 00 class 0x028000
[    0.628295] pci 0000:03:00.0: reg 0x10: [mem 0xddc00000-0xddc0ffff 64bit]
[    0.628511] pci 0000:03:00.0: supports D1
[    0.628516] pci 0000:03:00.0: PME# supported from D0 D1 D3hot D3cold
[    0.628578] pci 0000:03:00.0: System wakeup disabled by ACPI
[    0.635878] pci 0000:00:1c.1: PCI bridge to [bus 03]
[    0.635888] pci 0000:00:1c.1:   bridge window [io  0xb000-0xbfff]
[    0.635898] pci 0000:00:1c.1:   bridge window [mem 0xddc00000-0xde5fffff]
[    0.635911] pci 0000:00:1c.1:   bridge window [mem 0xd3700000-0xd40fffff 64bit pref]
[    0.636131] pci 0000:04:00.0: [1b21:1042] type 00 class 0x0c0330
[    0.636207] pci 0000:04:00.0: reg 0x10: [mem 0xdd200000-0xdd207fff 64bit]
[    0.636475] pci 0000:04:00.0: PME# supported from D3hot D3cold
[    0.636540] pci 0000:04:00.0: System wakeup disabled by ACPI
[    0.636670] pci 0000:00:1c.3: PCI bridge to [bus 04]
[    0.636679] pci 0000:00:1c.3:   bridge window [io  0xa000-0xafff]
[    0.636688] pci 0000:00:1c.3:   bridge window [mem 0xdd200000-0xddbfffff]
[    0.636702] pci 0000:00:1c.3:   bridge window [mem 0xd2c00000-0xd35fffff 64bit pref]
[    0.636897] pci 0000:05:00.0: [10ec:8168] type 00 class 0x020000
[    0.636932] pci 0000:05:00.0: reg 0x10: [io  0x9000-0x90ff]
[    0.636989] pci 0000:05:00.0: reg 0x18: [mem 0xd2104000-0xd2104fff 64bit pref]
[    0.637027] pci 0000:05:00.0: reg 0x20: [mem 0xd2100000-0xd2103fff 64bit pref]
[    0.637181] pci 0000:05:00.0: supports D1 D2
[    0.637186] pci 0000:05:00.0: PME# supported from D0 D1 D2 D3hot D3cold
[    0.637260] pci 0000:05:00.0: System wakeup disabled by ACPI
[    0.643896] pci 0000:00:1c.5: PCI bridge to [bus 05]
[    0.643906] pci 0000:00:1c.5:   bridge window [io  0x9000-0x9fff]
[    0.643914] pci 0000:00:1c.5:   bridge window [mem 0xdc800000-0xdd1fffff]
[    0.643928] pci 0000:00:1c.5:   bridge window [mem 0xd2100000-0xd2afffff 64bit pref]
[    0.700565] ACPI: PCI Interrupt Link [LNKA] (IRQs 1 3 4 5 6 *10 11 12 14 15)
[    0.700705] ACPI: PCI Interrupt Link [LNKB] (IRQs 1 3 4 5 6 10 *11 12 14 15)
[    0.700838] ACPI: PCI Interrupt Link [LNKC] (IRQs 1 3 4 5 6 10 *11 12 14 15)
[    0.700969] ACPI: PCI Interrupt Link [LNKD] (IRQs 1 3 4 *5 6 10 11 12 14 15)
[    0.701104] ACPI: PCI Interrupt Link [LNKE] (IRQs 1 3 4 5 6 10 11 12 14 15) *0, disabled.
[    0.701237] ACPI: PCI Interrupt Link [LNKF] (IRQs 1 3 4 5 6 10 11 12 14 15) *0, disabled.
[    0.701368] ACPI: PCI Interrupt Link [LNKG] (IRQs 1 *3 4 5 6 10 11 12 14 15)
[    0.701498] ACPI: PCI Interrupt Link [LNKH] (IRQs 1 3 *4 5 6 10 11 12 14 15)
[    0.702189] ACPI: Enabled 2 GPEs in block 00 to 3F
[    0.702207] ACPI: \_SB_.PCI0: notify handler is installed
[    0.702390] Found 1 acpi root devices
[    0.702535] ACPI : EC: GPE = 0x1b, I/O: command/status = 0x66, data = 0x62
[    0.702767] vgaarb: setting as boot device: PCI:0000:00:02.0
[    0.702773] vgaarb: device added: PCI:0000:00:02.0,decodes=io+mem,owns=io+mem,locks=none
[    0.702784] vgaarb: device added: PCI:0000:01:00.0,decodes=io+mem,owns=none,locks=none
[    0.702788] vgaarb: loaded
[    0.702792] vgaarb: bridge control possible 0000:01:00.0
[    0.702795] vgaarb: no bridge control possible 0000:00:02.0
[    0.703187] SCSI subsystem initialized
[    0.703318] libata version 3.00 loaded.
[    0.703369] ACPI: bus type USB registered
[    0.703405] usbcore: registered new interface driver usbfs
[    0.703424] usbcore: registered new interface driver hub
[    0.703523] usbcore: registered new device driver usb
[    0.703793] PCI: Using ACPI for IRQ routing
[    0.707794] PCI: pci_cache_line_size set to 64 bytes
[    0.707910] e820: reserve RAM buffer [mem 0x0009e800-0x0009ffff]
[    0.707915] e820: reserve RAM buffer [mem 0xaabcd000-0xabffffff]
[    0.707921] e820: reserve RAM buffer [mem 0xaacf6000-0xabffffff]
[    0.707926] e820: reserve RAM buffer [mem 0xaaf18000-0xabffffff]
[    0.707930] e820: reserve RAM buffer [mem 0xaaffd000-0xabffffff]
[    0.707934] e820: reserve RAM buffer [mem 0x24fe00000-0x24fffffff]
[    0.708140] NetLabel: Initializing
[    0.708144] NetLabel:  domain hash size = 128
[    0.708146] NetLabel:  protocols = UNLABELED CIPSOv4
[    0.708189] NetLabel:  unlabeled traffic allowed by default
[    0.708328] hpet0: at MMIO 0xfed00000, IRQs 2, 8, 0, 0, 0, 0, 0, 0
[    0.708343] hpet0: 8 comparators, 64-bit 14.318180 MHz counter
[    0.710418] Switched to clocksource hpet
[    0.722481] AppArmor: AppArmor Filesystem Enabled
[    0.722531] pnp: PnP ACPI init
[    0.722557] ACPI: bus type PNP registered
[    0.722635] pnp 00:00: [dma 4]
[    0.722688] pnp 00:00: Plug and Play ACPI device, IDs PNP0200 (active)
[    0.722739] pnp 00:01: Plug and Play ACPI device, IDs INT0800 (active)
[    0.722990] pnp 00:02: Plug and Play ACPI device, IDs PNP0103 (active)
[    0.723060] pnp 00:03: Plug and Play ACPI device, IDs PNP0c04 (active)
[    0.723178] system 00:04: [io  0x0680-0x069f] has been reserved
[    0.723184] system 00:04: [io  0x1000-0x100f] has been reserved
[    0.723190] system 00:04: [io  0xffff] has been reserved
[    0.723195] system 00:04: [io  0xffff] has been reserved
[    0.723202] system 00:04: [io  0x0400-0x0453] could not be reserved
[    0.723207] system 00:04: [io  0x0458-0x047f] has been reserved
[    0.723212] system 00:04: [io  0x0500-0x057f] has been reserved
[    0.723218] system 00:04: [io  0x164e-0x164f] has been reserved
[    0.723225] system 00:04: Plug and Play ACPI device, IDs PNP0c02 (active)
[    0.723282] pnp 00:05: Plug and Play ACPI device, IDs PNP0b00 (active)
[    0.723383] system 00:06: [io  0x0454-0x0457] has been reserved
[    0.723391] system 00:06: Plug and Play ACPI device, IDs INT3f0d PNP0c02 (active)
[    0.723516] pnp 00:07: Plug and Play ACPI device, IDs PNP0303 PNP030b (active)
[    0.723654] pnp 00:08: Plug and Play ACPI device, IDs SYN0a17 SYN0a00 SYN0002 PNP0f13 (active)
[    0.779013] system 00:09: [mem 0xfed1c000-0xfed1ffff] has been reserved
[    0.779021] system 00:09: [mem 0xfed10000-0xfed17fff] could not be reserved
[    0.779026] system 00:09: [mem 0xfed18000-0xfed18fff] has been reserved
[    0.779032] system 00:09: [mem 0xfed19000-0xfed19fff] has been reserved
[    0.779038] system 00:09: [mem 0xe0000000-0xe3ffffff] has been reserved
[    0.779043] system 00:09: [mem 0xfed20000-0xfed3ffff] has been reserved
[    0.779049] system 00:09: [mem 0xfed90000-0xfed93fff] has been reserved
[    0.779055] system 00:09: [mem 0xfed45000-0xfed8ffff] has been reserved
[    0.779060] system 00:09: [mem 0xff000000-0xffffffff] could not be reserved
[    0.779066] system 00:09: [mem 0xfee00000-0xfeefffff] could not be reserved
[    0.779072] system 00:09: [mem 0xafa00000-0xafa00fff] has been reserved
[    0.779079] system 00:09: Plug and Play ACPI device, IDs PNP0c02 (active)
[    0.779220] system 00:0a: [mem 0xafa00000-0xafa00fff] has been reserved
[    0.779227] system 00:0a: Plug and Play ACPI device, IDs PNP0c02 (active)
[    0.779555] system 00:0b: [mem 0x20000000-0x201fffff] has been reserved
[    0.779565] system 00:0b: [mem 0x40000000-0x401fffff] has been reserved
[    0.779572] system 00:0b: Plug and Play ACPI device, IDs PNP0c01 (active)
[    0.779602] pnp: PnP ACPI: found 12 devices
[    0.779606] ACPI: bus type PNP unregistered
[    0.788254] pci 0000:00:01.0: PCI bridge to [bus 01]
[    0.788262] pci 0000:00:01.0:   bridge window [io  0xd000-0xdfff]
[    0.788271] pci 0000:00:01.0:   bridge window [mem 0xdb000000-0xdc0fffff]
[    0.788279] pci 0000:00:01.0:   bridge window [mem 0xc0000000-0xd1ffffff 64bit pref]
[    0.788288] pci 0000:00:1c.0: PCI bridge to [bus 02]
[    0.788295] pci 0000:00:1c.0:   bridge window [io  0xc000-0xcfff]
[    0.788307] pci 0000:00:1c.0:   bridge window [mem 0xde600000-0xdeffffff]
[    0.788316] pci 0000:00:1c.0:   bridge window [mem 0xd4200000-0xd4bfffff 64bit pref]
[    0.788330] pci 0000:00:1c.1: PCI bridge to [bus 03]
[    0.788337] pci 0000:00:1c.1:   bridge window [io  0xb000-0xbfff]
[    0.788349] pci 0000:00:1c.1:   bridge window [mem 0xddc00000-0xde5fffff]
[    0.788358] pci 0000:00:1c.1:   bridge window [mem 0xd3700000-0xd40fffff 64bit pref]
[    0.788372] pci 0000:00:1c.3: PCI bridge to [bus 04]
[    0.788379] pci 0000:00:1c.3:   bridge window [io  0xa000-0xafff]
[    0.788391] pci 0000:00:1c.3:   bridge window [mem 0xdd200000-0xddbfffff]
[    0.788400] pci 0000:00:1c.3:   bridge window [mem 0xd2c00000-0xd35fffff 64bit pref]
[    0.788415] pci 0000:00:1c.5: PCI bridge to [bus 05]
[    0.788421] pci 0000:00:1c.5:   bridge window [io  0x9000-0x9fff]
[    0.788433] pci 0000:00:1c.5:   bridge window [mem 0xdc800000-0xdd1fffff]
[    0.788442] pci 0000:00:1c.5:   bridge window [mem 0xd2100000-0xd2afffff 64bit pref]
[    0.788458] pci_bus 0000:00: resource 4 [io  0x0000-0x0cf7]
[    0.788463] pci_bus 0000:00: resource 5 [io  0x0d00-0xffff]
[    0.788468] pci_bus 0000:00: resource 6 [mem 0x000a0000-0x000bffff]
[    0.788473] pci_bus 0000:00: resource 7 [mem 0x000d0000-0x000d3fff]
[    0.788479] pci_bus 0000:00: resource 8 [mem 0x000d4000-0x000d7fff]
[    0.788483] pci_bus 0000:00: resource 9 [mem 0x000d8000-0x000dbfff]
[    0.788489] pci_bus 0000:00: resource 10 [mem 0x000dc000-0x000dffff]
[    0.788494] pci_bus 0000:00: resource 11 [mem 0x000e0000-0x000e3fff]
[    0.788498] pci_bus 0000:00: resource 12 [mem 0x000e4000-0x000e7fff]
[    0.788503] pci_bus 0000:00: resource 13 [mem 0xafa00000-0xfeafffff]
[    0.788508] pci_bus 0000:00: resource 14 [mem 0xfed40000-0xfed44fff]
[    0.788513] pci_bus 0000:01: resource 0 [io  0xd000-0xdfff]
[    0.788518] pci_bus 0000:01: resource 1 [mem 0xdb000000-0xdc0fffff]
[    0.788523] pci_bus 0000:01: resource 2 [mem 0xc0000000-0xd1ffffff 64bit pref]
[    0.788529] pci_bus 0000:02: resource 0 [io  0xc000-0xcfff]
[    0.788534] pci_bus 0000:02: resource 1 [mem 0xde600000-0xdeffffff]
[    0.788539] pci_bus 0000:02: resource 2 [mem 0xd4200000-0xd4bfffff 64bit pref]
[    0.788544] pci_bus 0000:03: resource 0 [io  0xb000-0xbfff]
[    0.788549] pci_bus 0000:03: resource 1 [mem 0xddc00000-0xde5fffff]
[    0.788554] pci_bus 0000:03: resource 2 [mem 0xd3700000-0xd40fffff 64bit pref]
[    0.788559] pci_bus 0000:04: resource 0 [io  0xa000-0xafff]
[    0.788564] pci_bus 0000:04: resource 1 [mem 0xdd200000-0xddbfffff]
[    0.788569] pci_bus 0000:04: resource 2 [mem 0xd2c00000-0xd35fffff 64bit pref]
[    0.788574] pci_bus 0000:05: resource 0 [io  0x9000-0x9fff]
[    0.788578] pci_bus 0000:05: resource 1 [mem 0xdc800000-0xdd1fffff]
[    0.788583] pci_bus 0000:05: resource 2 [mem 0xd2100000-0xd2afffff 64bit pref]
[    0.788661] NET: Registered protocol family 2
[    0.789226] TCP established hash table entries: 65536 (order: 7, 524288 bytes)
[    0.789700] TCP bind hash table entries: 65536 (order: 8, 1048576 bytes)
[    0.790048] TCP: Hash tables configured (established 65536 bind 65536)
[    0.790092] TCP: reno registered
